Archive member included to satisfy reference by file (symbol)

c:/st/stm32cubeide_1.7.0/stm32cubeide/plugins/com.st.stm32cube.ide.mcu.externaltools.gnu-tools-for-stm32.9-2020-q2-update.win32_2.0.0.202105311346/tools/bin/../lib/gcc/arm-none-eabi/9.3.1/../../../../arm-none-eabi/lib/thumb/v7-m/nofp\libc_nano.a(lib_a-errno.o)
                              ./Core/Src/syscalls.o (__errno)
c:/st/stm32cubeide_1.7.0/stm32cubeide/plugins/com.st.stm32cube.ide.mcu.externaltools.gnu-tools-for-stm32.9-2020-q2-update.win32_2.0.0.202105311346/tools/bin/../lib/gcc/arm-none-eabi/9.3.1/../../../../arm-none-eabi/lib/thumb/v7-m/nofp\libc_nano.a(lib_a-exit.o)
                              c:/st/stm32cubeide_1.7.0/stm32cubeide/plugins/com.st.stm32cube.ide.mcu.externaltools.gnu-tools-for-stm32.9-2020-q2-update.win32_2.0.0.202105311346/tools/bin/../lib/gcc/arm-none-eabi/9.3.1/../../../../arm-none-eabi/lib/thumb/v7-m/nofp/crt0.o (exit)
c:/st/stm32cubeide_1.7.0/stm32cubeide/plugins/com.st.stm32cube.ide.mcu.externaltools.gnu-tools-for-stm32.9-2020-q2-update.win32_2.0.0.202105311346/tools/bin/../lib/gcc/arm-none-eabi/9.3.1/../../../../arm-none-eabi/lib/thumb/v7-m/nofp\libc_nano.a(lib_a-impure.o)
                              c:/st/stm32cubeide_1.7.0/stm32cubeide/plugins/com.st.stm32cube.ide.mcu.externaltools.gnu-tools-for-stm32.9-2020-q2-update.win32_2.0.0.202105311346/tools/bin/../lib/gcc/arm-none-eabi/9.3.1/../../../../arm-none-eabi/lib/thumb/v7-m/nofp\libc_nano.a(lib_a-exit.o) (_global_impure_ptr)
c:/st/stm32cubeide_1.7.0/stm32cubeide/plugins/com.st.stm32cube.ide.mcu.externaltools.gnu-tools-for-stm32.9-2020-q2-update.win32_2.0.0.202105311346/tools/bin/../lib/gcc/arm-none-eabi/9.3.1/../../../../arm-none-eabi/lib/thumb/v7-m/nofp\libc_nano.a(lib_a-init.o)
                              c:/st/stm32cubeide_1.7.0/stm32cubeide/plugins/com.st.stm32cube.ide.mcu.externaltools.gnu-tools-for-stm32.9-2020-q2-update.win32_2.0.0.202105311346/tools/bin/../lib/gcc/arm-none-eabi/9.3.1/../../../../arm-none-eabi/lib/thumb/v7-m/nofp/crt0.o (__libc_init_array)
c:/st/stm32cubeide_1.7.0/stm32cubeide/plugins/com.st.stm32cube.ide.mcu.externaltools.gnu-tools-for-stm32.9-2020-q2-update.win32_2.0.0.202105311346/tools/bin/../lib/gcc/arm-none-eabi/9.3.1/../../../../arm-none-eabi/lib/thumb/v7-m/nofp\libc_nano.a(lib_a-memset.o)
                              c:/st/stm32cubeide_1.7.0/stm32cubeide/plugins/com.st.stm32cube.ide.mcu.externaltools.gnu-tools-for-stm32.9-2020-q2-update.win32_2.0.0.202105311346/tools/bin/../lib/gcc/arm-none-eabi/9.3.1/../../../../arm-none-eabi/lib/thumb/v7-m/nofp/crt0.o (memset)
c:/st/stm32cubeide_1.7.0/stm32cubeide/plugins/com.st.stm32cube.ide.mcu.externaltools.gnu-tools-for-stm32.9-2020-q2-update.win32_2.0.0.202105311346/tools/bin/../lib/gcc/arm-none-eabi/9.3.1/../../../../arm-none-eabi/lib/thumb/v7-m/nofp\libc_nano.a(lib_a-sprintf.o)
                              ./Core/Src/fsm.o (sprintf)
c:/st/stm32cubeide_1.7.0/stm32cubeide/plugins/com.st.stm32cube.ide.mcu.externaltools.gnu-tools-for-stm32.9-2020-q2-update.win32_2.0.0.202105311346/tools/bin/../lib/gcc/arm-none-eabi/9.3.1/../../../../arm-none-eabi/lib/thumb/v7-m/nofp\libc_nano.a(lib_a-nano-svfprintf.o)
                              c:/st/stm32cubeide_1.7.0/stm32cubeide/plugins/com.st.stm32cube.ide.mcu.externaltools.gnu-tools-for-stm32.9-2020-q2-update.win32_2.0.0.202105311346/tools/bin/../lib/gcc/arm-none-eabi/9.3.1/../../../../arm-none-eabi/lib/thumb/v7-m/nofp\libc_nano.a(lib_a-sprintf.o) (_svfprintf_r)
c:/st/stm32cubeide_1.7.0/stm32cubeide/plugins/com.st.stm32cube.ide.mcu.externaltools.gnu-tools-for-stm32.9-2020-q2-update.win32_2.0.0.202105311346/tools/bin/../lib/gcc/arm-none-eabi/9.3.1/../../../../arm-none-eabi/lib/thumb/v7-m/nofp\libc_nano.a(lib_a-nano-vfprintf_i.o)
                              c:/st/stm32cubeide_1.7.0/stm32cubeide/plugins/com.st.stm32cube.ide.mcu.externaltools.gnu-tools-for-stm32.9-2020-q2-update.win32_2.0.0.202105311346/tools/bin/../lib/gcc/arm-none-eabi/9.3.1/../../../../arm-none-eabi/lib/thumb/v7-m/nofp\libc_nano.a(lib_a-nano-svfprintf.o) (_printf_i)
c:/st/stm32cubeide_1.7.0/stm32cubeide/plugins/com.st.stm32cube.ide.mcu.externaltools.gnu-tools-for-stm32.9-2020-q2-update.win32_2.0.0.202105311346/tools/bin/../lib/gcc/arm-none-eabi/9.3.1/../../../../arm-none-eabi/lib/thumb/v7-m/nofp\libc_nano.a(lib_a-memchr-stub.o)
                              c:/st/stm32cubeide_1.7.0/stm32cubeide/plugins/com.st.stm32cube.ide.mcu.externaltools.gnu-tools-for-stm32.9-2020-q2-update.win32_2.0.0.202105311346/tools/bin/../lib/gcc/arm-none-eabi/9.3.1/../../../../arm-none-eabi/lib/thumb/v7-m/nofp\libc_nano.a(lib_a-nano-svfprintf.o) (memchr)
c:/st/stm32cubeide_1.7.0/stm32cubeide/plugins/com.st.stm32cube.ide.mcu.externaltools.gnu-tools-for-stm32.9-2020-q2-update.win32_2.0.0.202105311346/tools/bin/../lib/gcc/arm-none-eabi/9.3.1/../../../../arm-none-eabi/lib/thumb/v7-m/nofp\libc_nano.a(lib_a-memcpy-stub.o)
[...]
Memory Configuration

Name             Origin             Length             Attributes
RAM              0x0000000020000000 0x0000000000005000 xrw
FLASH            0x0000000008000000 0x0000000000020000 xr
*default*        0x0000000000000000 0xffffffffffffffff

Linker script and memory map

LOAD c:/st/stm32cubeide_1.7.0/stm32cubeide/plugins/com.st.stm32cube.ide.mcu.externaltools.gnu-tools-for-stm32.9-2020-q2-update.win32_2.0.0.202105311346/tools/bin/../lib/gcc/arm-none-eabi/9.3.1/thumb/v7-m/nofp/crti.o
LOAD c:/st/stm32cubeide_1.7.0/stm32cubeide/plugins/com.st.stm32cube.ide.mcu.externaltools.gnu-tools-for-stm32.9-2020-q2-update.win32_2.0.0.202105311346/tools/bin/../lib/gcc/arm-none-eabi/9.3.1/thumb/v7-m/nofp/crtbegin.o
LOAD c:/st/stm32cubeide_1.7.0/stm32cubeide/plugins/com.st.stm32cube.ide.mcu.externaltools.gnu-tools-for-stm32.9-2020-q2-update.win32_2.0.0.202105311346/tools/bin/../lib/gcc/arm-none-eabi/9.3.1/../../../../arm-none-eabi/lib/thumb/v7-m/nofp/crt0.o
LOAD ./Core/Src/button.o
LOAD ./Core/Src/fsm.o
LOAD ./Core/Src/global.o
LOAD ./Core/Src/main.o
LOAD ./Core/Src/scheduler.o
LOAD ./Core/Src/stm32f1xx_hal_msp.o
LOAD ./Core/Src/stm32f1xx_it.o
LOAD ./Core/Src/syscalls.o
LOAD ./Core/Src/sysmem.o
LOAD ./Core/Src/system_stm32f1xx.o
LOAD ./Core/Src/timer.o
LOAD ./Core/Src/uart.o
LOAD ./Core/Startup/startup_stm32f103rbtx.o
LOAD ./Drivers/STM32F1xx_HAL_Driver/Src/stm32f1xx_hal.o
LOAD ./Drivers/STM32F1xx_HAL_Driver/Src/stm32f1xx_hal_cortex.o
LOAD ./Drivers/STM32F1xx_HAL_Driver/Src/stm32f1xx_hal_dma.o
LOAD ./Drivers/STM32F1xx_HAL_Driver/Src/stm32f1xx_hal_exti.o
LOAD ./Drivers/STM32F1xx_HAL_Driver/Src/stm32f1xx_hal_flash.o
LOAD ./Drivers/STM32F1xx_HAL_Driver/Src/stm32f1xx_hal_flash_ex.o
LOAD ./Drivers/STM32F1xx_HAL_Driver/Src/stm32f1xx_hal_gpio.o
LOAD ./Drivers/STM32F1xx_HAL_Driver/Src/stm32f1xx_hal_gpio_ex.o
LOAD ./Drivers/STM32F1xx_HAL_Driver/Src/stm32f1xx_hal_pwr.o
LOAD ./Drivers/STM32F1xx_HAL_Driver/Src/stm32f1xx_hal_rcc.o
LOAD ./Drivers/STM32F1xx_HAL_Driver/Src/stm32f1xx_hal_rcc_ex.o
LOAD ./Drivers/STM32F1xx_HAL_Driver/Src/stm32f1xx_hal_tim.o
LOAD ./Drivers/STM32F1xx_HAL_Driver/Src/stm32f1xx_hal_tim_ex.o
LOAD ./Drivers/STM32F1xx_HAL_Driver/Src/stm32f1xx_hal_uart.o
START GROUP
LOAD c:/st/stm32cubeide_1.7.0/stm32cubeide/plugins/com.st.stm32cube.ide.mcu.externaltools.gnu-tools-for-stm32.9-2020-q2-update.win32_2.0.0.202105311346/tools/bin/../lib/gcc/arm-none-eabi/9.3.1/../../../../arm-none-eabi/lib/thumb/v7-m/nofp\libc_nano.a
LOAD c:/st/stm32cubeide_1.7.0/stm32cubeide/plugins/com.st.stm32cube.ide.mcu.externaltools.gnu-tools-for-stm32.9-2020-q2-update.win32_2.0.0.202105311346/tools/bin/../lib/gcc/arm-none-eabi/9.3.1/../../../../arm-none-eabi/lib/thumb/v7-m/nofp\libm.a
END GROUP
START GROUP
LOAD c:/st/stm32cubeide_1.7.0/stm32cubeide/plugins/com.st.stm32cube.ide.mcu.externaltools.gnu-tools-for-stm32.9-2020-q2-update.win32_2.0.0.202105311346/tools/bin/../lib/gcc/arm-none-eabi/9.3.1/thumb/v7-m/nofp\libgcc.a
LOAD c:/st/stm32cubeide_1.7.0/stm32cubeide/plugins/com.st.stm32cube.ide.mcu.externaltools.gnu-tools-for-stm32.9-2020-q2-update.win32_2.0.0.202105311346/tools/bin/../lib/gcc/arm-none-eabi/9.3.1/../../../../arm-none-eabi/lib/thumb/v7-m/nofp\libc_nano.a
END GROUP
START GROUP
LOAD c:/st/stm32cubeide_1.7.0/stm32cubeide/plugins/com.st.stm32cube.ide.mcu.externaltools.gnu-tools-for-stm32.9-2020-q2-update.win32_2.0.0.202105311346/tools/bin/../lib/gcc/arm-none-eabi/9.3.1/thumb/v7-m/nofp\libgcc.a
LOAD c:/st/stm32cubeide_1.7.0/stm32cubeide/plugins/com.st.stm32cube.ide.mcu.externaltools.gnu-tools-for-stm32.9-2020-q2-update.win32_2.0.0.202105311346/tools/bin/../lib/gcc/arm-none-eabi/9.3.1/../../../../arm-none-eabi/lib/thumb/v7-m/nofp\libc_nano.a
LOAD c:/st/stm32cubeide_1.7.0/stm32cubeide/plugins/com.st.stm32cube.ide.mcu.externaltools.gnu-tools-for-stm32.9-2020-q2-update.win32_2.0.0.202105311346/tools/bin/../lib/gcc/arm-none-eabi/9.3.1/../../../../arm-none-eabi/lib/thumb/v7-m/nofp\libnosys.a
END GROUP
START GROUP
LOAD c:/st/stm32cubeide_1.7.0/stm32cubeide/plugins/com.st.stm32cube.ide.mcu.externaltools.gnu-tools-for-stm32.9-2020-q2-update.win32_2.0.0.202105311346/tools/bin/../lib/gcc/arm-none-eabi/9.3.1/thumb/v7-m/nofp\libgcc.a
LOAD c:/st/stm32cubeide_1.7.0/stm32cubeide/plugins/com.st.stm32cube.ide.mcu.externaltools.gnu-tools-for-stm32.9-2020-q2-update.win32_2.0.0.202105311346/tools/bin/../lib/gcc/arm-none-eabi/9.3.1/../../../../arm-none-eabi/lib/thumb/v7-m/nofp\libc_nano.a
LOAD c:/st/stm32cubeide_1.7.0/stm32cubeide/plugins/com.st.stm32cube.ide.mcu.externaltools.gnu-tools-for-stm32.9-2020-q2-update.win32_2.0.0.202105311346/tools/bin/../lib/gcc/arm-none-eabi/9.3.1/../../../../arm-none-eabi/lib/thumb/v7-m/nofp\libnosys.a
END GROUP
LOAD c:/st/stm32cubeide_1.7.0/stm32cubeide/plugins/com.st.stm32cube.ide.mcu.externaltools.gnu-tools-for-stm32.9-2020-q2-update.win32_2.0.0.202105311346/tools/bin/../lib/gcc/arm-none-eabi/9.3.1/thumb/v7-m/nofp/crtend.o
LOAD c:/st/stm32cubeide_1.7.0/stm32cubeide/plugins/com.st.stm32cube.ide.mcu.externaltools.gnu-tools-for-stm32.9-2020-q2-update.win32_2.0.0.202105311346/tools/bin/../lib/gcc/arm-none-eabi/9.3.1/thumb/v7-m/nofp/crtn.o
                0x0000000020005000                _estack = (ORIGIN (RAM) + LENGTH (RAM))
                0x0000000000000200                _Min_Heap_Size = 0x200
                0x0000000000000400                _Min_Stack_Size = 0x400

.isr_vector     0x0000000008000000      0x10c
                0x0000000008000000                . = ALIGN (0x4)
 *(.isr_vector)
 .isr_vector    0x0000000008000000      0x10c ./Core/Startup/startup_stm32f103rbtx.o
                0x0000000008000000                g_pfnVectors
                0x000000000800010c                . = ALIGN (0x4)

.text           0x000000000800010c     0x498c
                0x000000000800010c                . = ALIGN (0x4)
 *(.text)
 .text          0x000000000800010c       0x40 c:/st/stm32cubeide_1.7.0/stm32cubeide/plugins/com.st.stm32cube.ide.mcu.externaltools.gnu-tools-for-stm32.9-2020-q2-update.win32_2.0.0.202105311346/tools/bin/../lib/gcc/arm-none-eabi/9.3.1/thumb/v7-m/nofp/crtbegin.o
 *(.text*)
 .text.subKeyProcess
                0x000000000800014c       0x20 ./Core/Src/button.o
                0x000000000800014c                subKeyProcess
 .text.subKeyLongProcess
                0x000000000800016c       0x20 ./Core/Src/button.o
                0x000000000800016c                subKeyLongProcess
 .text.isButtonPressed
                0x000000000800018c       0x34 ./Core/Src/button.o
                0x000000000800018c                isButtonPressed
 .text.getKeyInput
                0x00000000080001c0      0x13c ./Core/Src/button.o
                0x00000000080001c0                getKeyInput
 .text.buffer_print
                0x00000000080002fc       0xa4 ./Core/Src/fsm.o
                0x00000000080002fc                buffer_print
 .text.clear_led
                0x00000000080003a0       0x44 ./Core/Src/fsm.o
                0x00000000080003a0                clear_led
 .text.blink_red
                0x00000000080003e4       0x4c ./Core/Src/fsm.o
                0x00000000080003e4                blink_red
 .text.blink_yellow
                0x0000000008000430       0x6c ./Core/Src/fsm.o
                0x0000000008000430                blink_yellow
 .text.blink_green
                0x000000000800049c       0x4c ./Core/Src/fsm.o
                0x000000000800049c                blink_green
 .text.auto_red
                0x00000000080004e8       0x68 ./Core/Src/fsm.o
                0x00000000080004e8                auto_red
 .text.auto_yellow
                0x0000000008000550       0x68 ./Core/Src/fsm.o
                0x0000000008000550                auto_yellow
 .text.auto_green
                0x00000000080005b8       0x68 ./Core/Src/fsm.o
                0x00000000080005b8                auto_green
 .text.fsm_clock_counter
                0x0000000008000620       0x98 ./Core/Src/fsm.o
                0x0000000008000620                fsm_clock_counter
 .text.fsm_auto_traffic
                0x00000000080006b8       0x98 ./Core/Src/fsm.o
                0x00000000080006b8                fsm_auto_traffic
 .text.fsm_auto_traffic_1
                0x0000000008000750       0x98 ./Core/Src/fsm.o
                0x0000000008000750                fsm_auto_traffic_1
 .text.fsm_traffic
                0x00000000080007e8      0x284 ./Core/Src/fsm.o
                0x00000000080007e8                fsm_traffic
 .text.pedestrain_led
                0x0000000008000a6c       0xb8 ./Core/Src/fsm.o
                0x0000000008000a6c                pedestrain_led
 .text.fsm_pedestrian
                0x0000000008000b24      0x22c ./Core/Src/fsm.o
                0x0000000008000b24                fsm_pedestrian
 .text.main     0x0000000008000d50       0xb4 ./Core/Src/main.o
                0x0000000008000d50                main
 .text.SystemClock_Config
                0x0000000008000e04       0x82 ./Core/Src/main.o
                0x0000000008000e04                SystemClock_Config
 *fill*         0x0000000008000e86        0x2 
 .text.MX_TIM2_Init
                0x0000000008000e88       0x98 ./Core/Src/main.o
 .text.MX_TIM3_Init
                0x0000000008000f20       0xec ./Core/Src/main.o
 .text.MX_USART2_UART_Init
                0x000000000800100c       0x54 ./Core/Src/main.o
 .text.MX_GPIO_Init
                0x0000000008001060       0xdc ./Core/Src/main.o
 .text.Error_Handler
                0x000000000800113c        0xa ./Core/Src/main.o
                0x000000000800113c                Error_Handler
 *fill*         0x0000000008001146        0x2 
 .text.SCH_Init
                0x0000000008001148       0x40 ./Core/Src/scheduler.o
                0x0000000008001148                SCH_Init
 .text.SCH_Add  0x0000000008001188       0xb8 ./Core/Src/scheduler.o
                0x0000000008001188                SCH_Add
 .text.SCH_Update
                0x0000000008001240       0xa8 ./Core/Src/scheduler.o
                0x0000000008001240                SCH_Update
 .text.SCH_Dispatch
                0x00000000080012e8       0xbc ./Core/Src/scheduler.o
                0x00000000080012e8                SCH_Dispatch
 .text.SCH_Delete
                0x00000000080013a4       0x64 ./Core/Src/scheduler.o
                0x00000000080013a4                SCH_Delete
 .text.HAL_MspInit
                0x0000000008001408       0x64 ./Core/Src/stm32f1xx_hal_msp.o
                0x0000000008001408                HAL_MspInit
 .text.HAL_TIM_Base_MspInit
                0x000000000800146c       0x70 ./Core/Src/stm32f1xx_hal_msp.o
                0x000000000800146c                HAL_TIM_Base_MspInit
 .text.HAL_TIM_MspPostInit
                0x00000000080014dc       0x64 ./Core/Src/stm32f1xx_hal_msp.o
                0x00000000080014dc                HAL_TIM_MspPostInit
 .text.HAL_UART_MspInit
                0x0000000008001540       0xa4 ./Core/Src/stm32f1xx_hal_msp.o
                0x0000000008001540                HAL_UART_MspInit
 .text.NMI_Handler
                0x00000000080015e4        0x6 ./Core/Src/stm32f1xx_it.o
                0x00000000080015e4                NMI_Handler
 .text.HardFault_Handler
                0x00000000080015ea        0x6 ./Core/Src/stm32f1xx_it.o
                0x00000000080015ea                HardFault_Handler
 .text.MemManage_Handler
                0x00000000080015f0        0x6 ./Core/Src/stm32f1xx_it.o
                0x00000000080015f0                MemManage_Handler
 .text.BusFault_Handler
                0x00000000080015f6        0x6 ./Core/Src/stm32f1xx_it.o
                0x00000000080015f6                BusFault_Handler
 .text.UsageFault_Handler
                0x00000000080015fc        0x6 ./Core/Src/stm32f1xx_it.o
                0x00000000080015fc                UsageFault_Handler
 .text.SVC_Handler
                0x0000000008001602        0xc ./Core/Src/stm32f1xx_it.o
                0x0000000008001602                SVC_Handler
 .text.DebugMon_Handler
                0x000000000800160e        0xc ./Core/Src/stm32f1xx_it.o
                0x000000000800160e                DebugMon_Handler
 .text.PendSV_Handler
                0x000000000800161a        0xc ./Core/Src/stm32f1xx_it.o
                0x000000000800161a                PendSV_Handler
 .text.SysTick_Handler
                0x0000000008001626        0xc ./Core/Src/stm32f1xx_it.o
                0x0000000008001626                SysTick_Handler
 *fill*         0x0000000008001632        0x2 
 .text.TIM2_IRQHandler
                0x0000000008001634       0x14 ./Core/Src/stm32f1xx_it.o
                0x0000000008001634                TIM2_IRQHandler
 .text.USART2_IRQHandler
                0x0000000008001648       0x14 ./Core/Src/stm32f1xx_it.o
                0x0000000008001648                USART2_IRQHandler
 .text._sbrk    0x000000000800165c       0x6c ./Core/Src/sysmem.o
                0x000000000800165c                _sbrk
 .text.SystemInit
                0x00000000080016c8        0xc ./Core/Src/system_stm32f1xx.o
                0x00000000080016c8                SystemInit
 .text.HAL_TIM_PeriodElapsedCallback
                0x00000000080016d4       0x14 ./Core/Src/timer.o
                0x00000000080016d4                HAL_TIM_PeriodElapsedCallback
 .text.setAllTimer
                0x00000000080016e8       0x2c ./Core/Src/timer.o
                0x00000000080016e8                setAllTimer
 .text.setTimer
                0x0000000008001714       0x30 ./Core/Src/timer.o
                0x0000000008001714                setTimer
 .text.timerRun
                0x0000000008001744       0x60 ./Core/Src/timer.o
                0x0000000008001744                timerRun
 .text.HAL_UART_RxCpltCallback
                0x00000000080017a4       0x80 ./Core/Src/uart.o
                0x00000000080017a4                HAL_UART_RxCpltCallback
 .text.Reset_Handler
                0x0000000008001824       0x48 ./Core/Startup/startup_stm32f103rbtx.o
                0x0000000008001824                Reset_Handler
 .text.Default_Handler
                0x000000000800186c        0x2 ./Core/Startup/startup_stm32f103rbtx.o
                0x000000000800186c                RTC_Alarm_IRQHandler
                0x000000000800186c                EXTI2_IRQHandler
                0x000000000800186c                TIM1_CC_IRQHandler
                0x000000000800186c                PVD_IRQHandler
                0x000000000800186c                EXTI3_IRQHandler
                0x000000000800186c                EXTI0_IRQHandler
                0x000000000800186c                I2C2_EV_IRQHandler
                0x000000000800186c                ADC1_2_IRQHandler
                0x000000000800186c                SPI1_IRQHandler
                0x000000000800186c                TAMPER_IRQHandler
                0x000000000800186c                DMA1_Channel4_IRQHandler
                0x000000000800186c                USART3_IRQHandler
                0x000000000800186c                RTC_IRQHandler
                0x000000000800186c                DMA1_Channel7_IRQHandler
                0x000000000800186c                CAN1_RX1_IRQHandler
                0x000000000800186c                TIM4_IRQHandler
                0x000000000800186c                I2C1_EV_IRQHandler
                0x000000000800186c                DMA1_Channel6_IRQHandler
                0x000000000800186c                TIM3_IRQHandler
                0x000000000800186c                RCC_IRQHandler
                0x000000000800186c                TIM1_TRG_COM_IRQHandler
                0x000000000800186c                DMA1_Channel1_IRQHandler
                0x000000000800186c                Default_Handler
                0x000000000800186c                EXTI15_10_IRQHandler
                0x000000000800186c                EXTI9_5_IRQHandler
                0x000000000800186c                SPI2_IRQHandler
                0x000000000800186c                DMA1_Channel5_IRQHandler
                0x000000000800186c                EXTI4_IRQHandler
                0x000000000800186c                USB_LP_CAN1_RX0_IRQHandler
                0x000000000800186c                USB_HP_CAN1_TX_IRQHandler
                0x000000000800186c                DMA1_Channel3_IRQHandler
                0x000000000800186c                TIM1_UP_IRQHandler
                0x000000000800186c                WWDG_IRQHandler
                0x000000000800186c                TIM1_BRK_IRQHandler
                0x000000000800186c                EXTI1_IRQHandler
                0x000000000800186c                I2C2_ER_IRQHandler
                0x000000000800186c                DMA1_Channel2_IRQHandler
                0x000000000800186c                CAN1_SCE_IRQHandler
                0x000000000800186c                FLASH_IRQHandler
                0x000000000800186c                USART1_IRQHandler
                0x000000000800186c                I2C1_ER_IRQHandler
                0x000000000800186c                USBWakeUp_IRQHandler
 *fill*         0x000000000800186e        0x2 
 .text.HAL_Init
                0x0000000008001870       0x2c ./Drivers/STM32F1xx_HAL_Driver/Src/stm32f1xx_hal.o
                0x0000000008001870                HAL_Init
 .text.HAL_InitTick
                0x000000000800189c       0x60 ./Drivers/STM32F1xx_HAL_Driver/Src/stm32f1xx_hal.o
                0x000000000800189c                HAL_InitTick
 .text.HAL_IncTick
                0x00000000080018fc       0x24 ./Drivers/STM32F1xx_HAL_Driver/Src/stm32f1xx_hal.o
                0x00000000080018fc                HAL_IncTick
 .text.HAL_GetTick
                0x0000000008001920       0x14 ./Drivers/STM32F1xx_HAL_Driver/Src/stm32f1xx_hal.o
                0x0000000008001920                HAL_GetTick
 .text.__NVIC_SetPriorityGrouping
                0x0000000008001934       0x48 ./Drivers/STM32F1xx_HAL_Driver/Src/stm32f1xx_hal_cortex.o
 .text.__NVIC_GetPriorityGrouping
                0x000000000800197c       0x1c ./Drivers/STM32F1xx_HAL_Driver/Src/stm32f1xx_hal_cortex.o
 .text.__NVIC_EnableIRQ
                0x0000000008001998       0x38 ./Drivers/STM32F1xx_HAL_Driver/Src/stm32f1xx_hal_cortex.o
 .text.__NVIC_SetPriority
                0x00000000080019d0       0x54 ./Drivers/STM32F1xx_HAL_Driver/Src/stm32f1xx_hal_cortex.o
 .text.NVIC_EncodePriority
                0x0000000008001a24       0x64 ./Drivers/STM32F1xx_HAL_Driver/Src/stm32f1xx_hal_cortex.o
 .text.SysTick_Config
                0x0000000008001a88       0x44 ./Drivers/STM32F1xx_HAL_Driver/Src/stm32f1xx_hal_cortex.o
 .text.HAL_NVIC_SetPriorityGrouping
                0x0000000008001acc       0x16 ./Drivers/STM32F1xx_HAL_Driver/Src/stm32f1xx_hal_cortex.o
                0x0000000008001acc                HAL_NVIC_SetPriorityGrouping
 .text.HAL_NVIC_SetPriority
                0x0000000008001ae2       0x38 ./Drivers/STM32F1xx_HAL_Driver/Src/stm32f1xx_hal_cortex.o
                0x0000000008001ae2                HAL_NVIC_SetPriority
 .text.HAL_NVIC_EnableIRQ
                0x0000000008001b1a       0x1c ./Drivers/STM32F1xx_HAL_Driver/Src/stm32f1xx_hal_cortex.o
                0x0000000008001b1a                HAL_NVIC_EnableIRQ
 .text.HAL_SYSTICK_Config
                0x0000000008001b36       0x18 ./Drivers/STM32F1xx_HAL_Driver/Src/stm32f1xx_hal_cortex.o
                0x0000000008001b36                HAL_SYSTICK_Config
 .text.HAL_DMA_Abort
                0x0000000008001b4e       0x74 ./Drivers/STM32F1xx_HAL_Driver/Src/stm32f1xx_hal_dma.o
                0x0000000008001b4e                HAL_DMA_Abort
 *fill*         0x0000000008001bc2        0x2 
 .text.HAL_DMA_Abort_IT
                0x0000000008001bc4       0xec ./Drivers/STM32F1xx_HAL_Driver/Src/stm32f1xx_hal_dma.o
                0x0000000008001bc4                HAL_DMA_Abort_IT
 .text.HAL_GPIO_Init
                0x0000000008001cb0      0x308 ./Drivers/STM32F1xx_HAL_Driver/Src/stm32f1xx_hal_gpio.o
                0x0000000008001cb0                HAL_GPIO_Init
 .text.HAL_GPIO_ReadPin
                0x0000000008001fb8       0x2e ./Drivers/STM32F1xx_HAL_Driver/Src/stm32f1xx_hal_gpio.o
                0x0000000008001fb8                HAL_GPIO_ReadPin
 .text.HAL_GPIO_WritePin
                0x0000000008001fe6       0x30 ./Drivers/STM32F1xx_HAL_Driver/Src/stm32f1xx_hal_gpio.o
                0x0000000008001fe6                HAL_GPIO_WritePin
 .text.HAL_GPIO_TogglePin
                0x0000000008002016       0x32 ./Drivers/STM32F1xx_HAL_Driver/Src/stm32f1xx_hal_gpio.o
                0x0000000008002016                HAL_GPIO_TogglePin
 .text.HAL_RCC_OscConfig
                0x0000000008002048      0x500 ./Drivers/STM32F1xx_HAL_Driver/Src/stm32f1xx_hal_rcc.o
                0x0000000008002048                HAL_RCC_OscConfig
 .text.HAL_RCC_ClockConfig
                0x0000000008002548      0x1d4 ./Drivers/STM32F1xx_HAL_Driver/Src/stm32f1xx_hal_rcc.o
                0x0000000008002548                HAL_RCC_ClockConfig
 .text.HAL_RCC_GetSysClockFreq
                0x000000000800271c       0xc0 ./Drivers/STM32F1xx_HAL_Driver/Src/stm32f1xx_hal_rcc.o
                0x000000000800271c                HAL_RCC_GetSysClockFreq
 .text.HAL_RCC_GetHCLKFreq
                0x00000000080027dc       0x14 ./Drivers/STM32F1xx_HAL_Driver/Src/stm32f1xx_hal_rcc.o
                0x00000000080027dc                HAL_RCC_GetHCLKFreq
 .text.HAL_RCC_GetPCLK1Freq
                0x00000000080027f0       0x28 ./Drivers/STM32F1xx_HAL_Driver/Src/stm32f1xx_hal_rcc.o
                0x00000000080027f0                HAL_RCC_GetPCLK1Freq
 .text.HAL_RCC_GetPCLK2Freq
                0x0000000008002818       0x28 ./Drivers/STM32F1xx_HAL_Driver/Src/stm32f1xx_hal_rcc.o
                0x0000000008002818                HAL_RCC_GetPCLK2Freq
 .text.RCC_Delay
                0x0000000008002840       0x3c ./Drivers/STM32F1xx_HAL_Driver/Src/stm32f1xx_hal_rcc.o
 .text.HAL_TIM_Base_Init
                0x000000000800287c       0x9e ./Drivers/STM32F1xx_HAL_Driver/Src/stm32f1xx_hal_tim.o
                0x000000000800287c                HAL_TIM_Base_Init
 *fill*         0x000000000800291a        0x2 
 .text.HAL_TIM_Base_Start_IT
                0x000000000800291c       0xa4 ./Drivers/STM32F1xx_HAL_Driver/Src/stm32f1xx_hal_tim.o
                0x000000000800291c                HAL_TIM_Base_Start_IT
 .text.HAL_TIM_PWM_Init
                0x00000000080029c0       0x9e ./Drivers/STM32F1xx_HAL_Driver/Src/stm32f1xx_hal_tim.o
                0x00000000080029c0                HAL_TIM_PWM_Init
 .text.HAL_TIM_PWM_MspInit
                0x0000000008002a5e       0x12 ./Drivers/STM32F1xx_HAL_Driver/Src/stm32f1xx_hal_tim.o
                0x0000000008002a5e                HAL_TIM_PWM_MspInit
 .text.HAL_TIM_PWM_Start
                0x0000000008002a70      0x144 ./Drivers/STM32F1xx_HAL_Driver/Src/stm32f1xx_hal_tim.o
                0x0000000008002a70                HAL_TIM_PWM_Start
 .text.HAL_TIM_IRQHandler
                0x0000000008002bb4      0x210 ./Drivers/STM32F1xx_HAL_Driver/Src/stm32f1xx_hal_tim.o
                0x0000000008002bb4                HAL_TIM_IRQHandler
 .text.HAL_TIM_PWM_ConfigChannel
                0x0000000008002dc4      0x17c ./Drivers/STM32F1xx_HAL_Driver/Src/stm32f1xx_hal_tim.o
                0x0000000008002dc4                HAL_TIM_PWM_ConfigChannel
 .text.HAL_TIM_ConfigClockSource
                0x0000000008002f40      0x188 ./Drivers/STM32F1xx_HAL_Driver/Src/stm32f1xx_hal_tim.o
                0x0000000008002f40                HAL_TIM_ConfigClockSource
 .text.HAL_TIM_OC_DelayElapsedCallback
                0x00000000080030c8       0x12 ./Drivers/STM32F1xx_HAL_Driver/Src/stm32f1xx_hal_tim.o
                0x00000000080030c8                HAL_TIM_OC_DelayElapsedCallback
 .text.HAL_TIM_IC_CaptureCallback
                0x00000000080030da       0x12 ./Drivers/STM32F1xx_HAL_Driver/Src/stm32f1xx_hal_tim.o
                0x00000000080030da                HAL_TIM_IC_CaptureCallback
 .text.HAL_TIM_PWM_PulseFinishedCallback
                0x00000000080030ec       0x12 ./Drivers/STM32F1xx_HAL_Driver/Src/stm32f1xx_hal_tim.o
                0x00000000080030ec                HAL_TIM_PWM_PulseFinishedCallback
 .text.HAL_TIM_TriggerCallback
                0x00000000080030fe       0x12 ./Drivers/STM32F1xx_HAL_Driver/Src/stm32f1xx_hal_tim.o
                0x00000000080030fe                HAL_TIM_TriggerCallback
 .text.TIM_Base_SetConfig
                0x0000000008003110       0xc4 ./Drivers/STM32F1xx_HAL_Driver/Src/stm32f1xx_hal_tim.o
                0x0000000008003110                TIM_Base_SetConfig
 .text.TIM_OC1_SetConfig
                0x00000000080031d4       0xcc ./Drivers/STM32F1xx_HAL_Driver/Src/stm32f1xx_hal_tim.o
 .text.TIM_OC2_SetConfig
                0x00000000080032a0       0xd4 ./Drivers/STM32F1xx_HAL_Driver/Src/stm32f1xx_hal_tim.o
                0x00000000080032a0                TIM_OC2_SetConfig
 .text.TIM_OC3_SetConfig
                0x0000000008003374       0xd4 ./Drivers/STM32F1xx_HAL_Driver/Src/stm32f1xx_hal_tim.o
 .text.TIM_OC4_SetConfig
                0x0000000008003448       0x9c ./Drivers/STM32F1xx_HAL_Driver/Src/stm32f1xx_hal_tim.o
 .text.TIM_TI1_ConfigInputStage
                0x00000000080034e4       0x5c ./Drivers/STM32F1xx_HAL_Driver/Src/stm32f1xx_hal_tim.o
 .text.TIM_TI2_ConfigInputStage
                0x0000000008003540       0x5e ./Drivers/STM32F1xx_HAL_Driver/Src/stm32f1xx_hal_tim.o
 .text.TIM_ITRx_SetConfig
                0x000000000800359e       0x34 ./Drivers/STM32F1xx_HAL_Driver/Src/stm32f1xx_hal_tim.o
 .text.TIM_ETR_SetConfig
                0x00000000080035d2       0x3e ./Drivers/STM32F1xx_HAL_Driver/Src/stm32f1xx_hal_tim.o
                0x00000000080035d2                TIM_ETR_SetConfig
 .text.TIM_CCxChannelCmd
                0x0000000008003610       0x48 ./Drivers/STM32F1xx_HAL_Driver/Src/stm32f1xx_hal_tim.o
                0x0000000008003610                TIM_CCxChannelCmd
 .text.HAL_TIMEx_MasterConfigSynchronization
                0x0000000008003658       0xbc ./Drivers/STM32F1xx_HAL_Driver/Src/stm32f1xx_hal_tim_ex.o
                0x0000000008003658                HAL_TIMEx_MasterConfigSynchronization
 .text.HAL_TIMEx_CommutCallback
                0x0000000008003714       0x12 ./Drivers/STM32F1xx_HAL_Driver/Src/stm32f1xx_hal_tim_ex.o
                0x0000000008003714                HAL_TIMEx_CommutCallback
 .text.HAL_TIMEx_BreakCallback
                0x0000000008003726       0x12 ./Drivers/STM32F1xx_HAL_Driver/Src/stm32f1xx_hal_tim_ex.o
                0x0000000008003726                HAL_TIMEx_BreakCallback
 .text.HAL_UART_Init
                0x0000000008003738       0x9a ./Drivers/STM32F1xx_HAL_Driver/Src/stm32f1xx_hal_uart.o
                0x0000000008003738                HAL_UART_Init
 .text.HAL_UART_Transmit
                0x00000000080037d2      0x124 ./Drivers/STM32F1xx_HAL_Driver/Src/stm32f1xx_hal_uart.o
                0x00000000080037d2                HAL_UART_Transmit
 .text.HAL_UART_Receive_IT
                0x00000000080038f6       0x60 ./Drivers/STM32F1xx_HAL_Driver/Src/stm32f1xx_hal_uart.o
                0x00000000080038f6                HAL_UART_Receive_IT
 *fill*         0x0000000008003956        0x2 
 .text.HAL_UART_IRQHandler
                0x0000000008003958      0x354 ./Drivers/STM32F1xx_HAL_Driver/Src/stm32f1xx_hal_uart.o
                0x0000000008003958                HAL_UART_IRQHandler
 .text.HAL_UART_TxCpltCallback
                0x0000000008003cac       0x12 ./Drivers/STM32F1xx_HAL_Driver/Src/stm32f1xx_hal_uart.o
                0x0000000008003cac                HAL_UART_TxCpltCallback
 .text.HAL_UART_ErrorCallback
                0x0000000008003cbe       0x12 ./Drivers/STM32F1xx_HAL_Driver/Src/stm32f1xx_hal_uart.o
                0x0000000008003cbe                HAL_UART_ErrorCallback
 .text.HAL_UARTEx_RxEventCallback
                0x0000000008003cd0       0x16 ./Drivers/STM32F1xx_HAL_Driver/Src/stm32f1xx_hal_uart.o
                0x0000000008003cd0                HAL_UARTEx_RxEventCallback
 .text.UART_WaitOnFlagUntilTimeout
                0x0000000008003ce6       0x94 ./Drivers/STM32F1xx_HAL_Driver/Src/stm32f1xx_hal_uart.o
 .text.UART_Start_Receive_IT
                0x0000000008003d7a       0x72 ./Drivers/STM32F1xx_HAL_Driver/Src/stm32f1xx_hal_uart.o
                0x0000000008003d7a                UART_Start_Receive_IT
 .text.UART_EndRxTransfer
                0x0000000008003dec       0x58 ./Drivers/STM32F1xx_HAL_Driver/Src/stm32f1xx_hal_uart.o
 .text.UART_DMAAbortOnError
                0x0000000008003e44       0x28 ./Drivers/STM32F1xx_HAL_Driver/Src/stm32f1xx_hal_uart.o
 .text.UART_Transmit_IT
                0x0000000008003e6c       0x9e ./Drivers/STM32F1xx_HAL_Driver/Src/stm32f1xx_hal_uart.o
 .text.UART_EndTransmit_IT
                0x0000000008003f0a       0x30 ./Drivers/STM32F1xx_HAL_Driver/Src/stm32f1xx_hal_uart.o
 .text.UART_Receive_IT
                0x0000000008003f3a      0x152 ./Drivers/STM32F1xx_HAL_Driver/Src/stm32f1xx_hal_uart.o
 .text.UART_SetConfig
                0x000000000800408c      0x11c ./Drivers/STM32F1xx_HAL_Driver/Src/stm32f1xx_hal_uart.o
 .text.__errno  0x00000000080041a8        0xc c:/st/stm32cubeide_1.7.0/stm32cubeide/plugins/com.st.stm32cube.ide.mcu.externaltools.gnu-tools-for-stm32.9-2020-q2-update.win32_2.0.0.202105311346/tools/bin/../lib/gcc/arm-none-eabi/9.3.1/../../../../arm-none-eabi/lib/thumb/v7-m/nofp\libc_nano.a(lib_a-errno.o)
                0x00000000080041a8                __errno
 .text.__libc_init_array
                0x00000000080041b4       0x48 c:/st/stm32cubeide_1.7.0/stm32cubeide/plugins/com.st.stm32cube.ide.mcu.externaltools.gnu-tools-for-stm32.9-2020-q2-update.win32_2.0.0.202105311346/tools/bin/../lib/gcc/arm-none-eabi/9.3.1/../../../../arm-none-eabi/lib/thumb/v7-m/nofp\libc_nano.a(lib_a-init.o)
                0x00000000080041b4                __libc_init_array
 .text.memset   0x00000000080041fc       0x10 c:/st/stm32cubeide_1.7.0/stm32cubeide/plugins/com.st.stm32cube.ide.mcu.externaltools.gnu-tools-for-stm32.9-2020-q2-update.win32_2.0.0.202105311346/tools/bin/../lib/gcc/arm-none-eabi/9.3.1/../../../../arm-none-eabi/lib/thumb/v7-m/nofp\libc_nano.a(lib_a-memset.o)
                0x00000000080041fc                memset
 .text.sprintf  0x000000000800420c       0x40 c:/st/stm32cubeide_1.7.0/stm32cubeide/plugins/com.st.stm32cube.ide.mcu.externaltools.gnu-tools-for-stm32.9-2020-q2-update.win32_2.0.0.202105311346/tools/bin/../lib/gcc/arm-none-eabi/9.3.1/../../../../arm-none-eabi/lib/thumb/v7-m/nofp\libc_nano.a(lib_a-sprintf.o)
                0x000000000800420c                siprintf
                0x000000000800420c                sprintf
 .text.__ssputs_r
                0x000000000800424c       0xb6 c:/st/stm32cubeide_1.7.0/stm32cubeide/plugins/com.st.stm32cube.ide.mcu.externaltools.gnu-tools-for-stm32.9-2020-q2-update.win32_2.0.0.202105311346/tools/bin/../lib/gcc/arm-none-eabi/9.3.1/../../../../arm-none-eabi/lib/thumb/v7-m/nofp\libc_nano.a(lib_a-nano-svfprintf.o)
                0x000000000800424c                __ssputs_r
 *fill*         0x0000000008004302        0x2 
 .text._svfprintf_r
                0x0000000008004304      0x200 c:/st/stm32cubeide_1.7.0/stm32cubeide/plugins/com.st.stm32cube.ide.mcu.externaltools.gnu-tools-for-stm32.9-2020-q2-update.win32_2.0.0.202105311346/tools/bin/../lib/gcc/arm-none-eabi/9.3.1/../../../../arm-none-eabi/lib/thumb/v7-m/nofp\libc_nano.a(lib_a-nano-svfprintf.o)
                0x0000000008004304                _svfiprintf_r
                0x0000000008004304                _svfprintf_r
 .text._printf_common
                0x0000000008004504       0xde c:/st/stm32cubeide_1.7.0/stm32cubeide/plugins/com.st.stm32cube.ide.mcu.externaltools.gnu-tools-for-stm32.9-2020-q2-update.win32_2.0.0.202105311346/tools/bin/../lib/gcc/arm-none-eabi/9.3.1/../../../../arm-none-eabi/lib/thumb/v7-m/nofp\libc_nano.a(lib_a-nano-vfprintf_i.o)
                0x0000000008004504                _printf_common
 *fill*         0x00000000080045e2        0x2 
 .text._printf_i
                0x00000000080045e4      0x24c c:/st/stm32cubeide_1.7.0/stm32cubeide/plugins/com.st.stm32cube.ide.mcu.externaltools.gnu-tools-for-stm32.9-2020-q2-update.win32_2.0.0.202105311346/tools/bin/../lib/gcc/arm-none-eabi/9.3.1/../../../../arm-none-eabi/lib/thumb/v7-m/nofp\libc_nano.a(lib_a-nano-vfprintf_i.o)
                0x00000000080045e4                _printf_i
 .text.memchr   0x0000000008004830       0x1c c:/st/stm32cubeide_1.7.0/stm32cubeide/plugins/com.st.stm32cube.ide.mcu.externaltools.gnu-tools-for-stm32.9-2020-q2-update.win32_2.0.0.202105311346/tools/bin/../lib/gcc/arm-none-eabi/9.3.1/../../../../arm-none-eabi/lib/thumb/v7-m/nofp\libc_nano.a(lib_a-memchr-stub.o)
                0x0000000008004830                memchr
 .text.memcpy   0x000000000800484c       0x1c c:/st/stm32cubeide_1.7.0/stm32cubeide/plugins/com.st.stm32cube.ide.mcu.externaltools.gnu-tools-for-stm32.9-2020-q2-update.win32_2.0.0.202105311346/tools/bin/../lib/gcc/arm-none-eabi/9.3.1/../../../../arm-none-eabi/lib/thumb/v7-m/nofp\libc_nano.a(lib_a-memcpy-stub.o)
                0x000000000800484c                memcpy
 .text.memmove  0x0000000008004868       0x34 c:/st/stm32cubeide_1.7.0/stm32cubeide/plugins/com.st.stm32cube.ide.mcu.externaltools.gnu-tools-for-stm32.9-2020-q2-update.win32_2.0.0.202105311346/tools/bin/../lib/gcc/arm-none-eabi/9.3.1/../../../../arm-none-eabi/lib/thumb/v7-m/nofp\libc_nano.a(lib_a-memmove.o)
                0x0000000008004868                memmove
 .text._free_r  0x000000000800489c       0x98 c:/st/stm32cubeide_1.7.0/stm32cubeide/plugins/com.st.stm32cube.ide.mcu.externaltools.gnu-tools-for-stm32.9-2020-q2-update.win32_2.0.0.202105311346/tools/bin/../lib/gcc/arm-none-eabi/9.3.1/../../../../arm-none-eabi/lib/thumb/v7-m/nofp\libc_nano.a(lib_a-nano-freer.o)
                0x000000000800489c                _free_r
 .text._malloc_r
                0x0000000008004934       0xb4 c:/st/stm32cubeide_1.7.0/stm32cubeide/plugins/com.st.stm32cube.ide.mcu.externaltools.gnu-tools-for-stm32.9-2020-q2-update.win32_2.0.0.202105311346/tools/bin/../lib/gcc/arm-none-eabi/9.3.1/../../../../arm-none-eabi/lib/thumb/v7-m/nofp\libc_nano.a(lib_a-nano-mallocr.o)
                0x0000000008004934                _malloc_r
 .text._realloc_r
                0x00000000080049e8       0x4c c:/st/stm32cubeide_1.7.0/stm32cubeide/plugins/com.st.stm32cube.ide.mcu.externaltools.gnu-tools-for-stm32.9-2020-q2-update.win32_2.0.0.202105311346/tools/bin/../lib/gcc/arm-none-eabi/9.3.1/../../../../arm-none-eabi/lib/thumb/v7-m/nofp\libc_nano.a(lib_a-nano-reallocr.o)
                0x00000000080049e8                _realloc_r
 .text._sbrk_r  0x0000000008004a34       0x20 c:/st/stm32cubeide_1.7.0/stm32cubeide/plugins/com.st.stm32cube.ide.mcu.externaltools.gnu-tools-for-stm32.9-2020-q2-update.win32_2.0.0.202105311346/tools/bin/../lib/gcc/arm-none-eabi/9.3.1/../../../../arm-none-eabi/lib/thumb/v7-m/nofp\libc_nano.a(lib_a-sbrkr.o)
                0x0000000008004a34                _sbrk_r
 .text.__malloc_lock
                0x0000000008004a54        0xc c:/st/stm32cubeide_1.7.0/stm32cubeide/plugins/com.st.stm32cube.ide.mcu.externaltools.gnu-tools-for-stm32.9-2020-q2-update.win32_2.0.0.202105311346/tools/bin/../lib/gcc/arm-none-eabi/9.3.1/../../../../arm-none-eabi/lib/thumb/v7-m/nofp\libc_nano.a(lib_a-mlock.o)
                0x0000000008004a54                __malloc_lock
 .text.__malloc_unlock
                0x0000000008004a60        0xc c:/st/stm32cubeide_1.7.0/stm32cubeide/plugins/com.st.stm32cube.ide.mcu.externaltools.gnu-tools-for-stm32.9-2020-q2-update.win32_2.0.0.202105311346/tools/bin/../lib/gcc/arm-none-eabi/9.3.1/../../../../arm-none-eabi/lib/thumb/v7-m/nofp\libc_nano.a(lib_a-mlock.o)
                0x0000000008004a60                __malloc_unlock
 .text._malloc_usable_size_r
                0x0000000008004a6c       0x10 c:/st/stm32cubeide_1.7.0/stm32cubeide/plugins/com.st.stm32cube.ide.mcu.externaltools.gnu-tools-for-stm32.9-2020-q2-update.win32_2.0.0.202105311346/tools/bin/../lib/gcc/arm-none-eabi/9.3.1/../../../../arm-none-eabi/lib/thumb/v7-m/nofp\libc_nano.a(lib_a-nano-msizer.o)
                0x0000000008004a6c                _malloc_usable_size_r
 .text.__retarget_lock_acquire_recursive
                0x0000000008004a7c        0x2 c:/st/stm32cubeide_1.7.0/stm32cubeide/plugins/com.st.stm32cube.ide.mcu.externaltools.gnu-tools-for-stm32.9-2020-q2-update.win32_2.0.0.202105311346/tools/bin/../lib/gcc/arm-none-eabi/9.3.1/../../../../arm-none-eabi/lib/thumb/v7-m/nofp\libc_nano.a(lib_a-lock.o)
                0x0000000008004a7c                __retarget_lock_acquire_recursive
 .text.__retarget_lock_release_recursive
                0x0000000008004a7e        0x2 c:/st/stm32cubeide_1.7.0/stm32cubeide/plugins/com.st.stm32cube.ide.mcu.externaltools.gnu-tools-for-stm32.9-2020-q2-update.win32_2.0.0.202105311346/tools/bin/../lib/gcc/arm-none-eabi/9.3.1/../../../../arm-none-eabi/lib/thumb/v7-m/nofp\libc_nano.a(lib_a-lock.o)
                0x0000000008004a7e                __retarget_lock_release_recursive
 *(.glue_7)
 .glue_7        0x0000000008004a80        0x0 linker stubs
 *(.glue_7t)
 .glue_7t       0x0000000008004a80        0x0 linker stubs
 *(.eh_frame)
 .eh_frame      0x0000000008004a80        0x0 c:/st/stm32cubeide_1.7.0/stm32cubeide/plugins/com.st.stm32cube.ide.mcu.externaltools.gnu-tools-for-stm32.9-2020-q2-update.win32_2.0.0.202105311346/tools/bin/../lib/gcc/arm-none-eabi/9.3.1/thumb/v7-m/nofp/crtbegin.o
 *(.init)
 .init          0x0000000008004a80        0x4 c:/st/stm32cubeide_1.7.0/stm32cubeide/plugins/com.st.stm32cube.ide.mcu.externaltools.gnu-tools-for-stm32.9-2020-q2-update.win32_2.0.0.202105311346/tools/bin/../lib/gcc/arm-none-eabi/9.3.1/thumb/v7-m/nofp/crti.o
                0x0000000008004a80                _init
 .init          0x0000000008004a84        0x8 c:/st/stm32cubeide_1.7.0/stm32cubeide/plugins/com.st.stm32cube.ide.mcu.externaltools.gnu-tools-for-stm32.9-2020-q2-update.win32_2.0.0.202105311346/tools/bin/../lib/gcc/arm-none-eabi/9.3.1/thumb/v7-m/nofp/crtn.o
 *(.fini)
 .fini          0x0000000008004a8c        0x4 c:/st/stm32cubeide_1.7.0/stm32cubeide/plugins/com.st.stm32cube.ide.mcu.externaltools.gnu-tools-for-stm32.9-2020-q2-update.win32_2.0.0.202105311346/tools/bin/../lib/gcc/arm-none-eabi/9.3.1/thumb/v7-m/nofp/crti.o
                0x0000000008004a8c                _fini
 .fini          0x0000000008004a90        0x8 c:/st/stm32cubeide_1.7.0/stm32cubeide/plugins/com.st.stm32cube.ide.mcu.externaltools.gnu-tools-for-stm32.9-2020-q2-update.win32_2.0.0.202105311346/tools/bin/../lib/gcc/arm-none-eabi/9.3.1/thumb/v7-m/nofp/crtn.o
                0x0000000008004a98                . = ALIGN (0x4)
                0x0000000008004a98                _etext = .

.vfp11_veneer   0x0000000008004a98        0x0
 .vfp11_veneer  0x0000000008004a98        0x0 linker stubs

.v4_bx          0x0000000008004a98        0x0
 .v4_bx         0x0000000008004a98        0x0 linker stubs

.iplt           0x0000000008004a98        0x0
 .iplt          0x0000000008004a98        0x0 c:/st/stm32cubeide_1.7.0/stm32cubeide/plugins/com.st.stm32cube.ide.mcu.externaltools.gnu-tools-for-stm32.9-2020-q2-update.win32_2.0.0.202105311346/tools/bin/../lib/gcc/arm-none-eabi/9.3.1/thumb/v7-m/nofp/crtbegin.o

.rodata         0x0000000008004a98      0x148
                0x0000000008004a98                . = ALIGN (0x4)
 *(.rodata)
 .rodata        0x0000000008004a98       0xe9 ./Core/Src/fsm.o
 *fill*         0x0000000008004b81        0x3 
 .rodata        0x0000000008004b84       0x10 ./Drivers/STM32F1xx_HAL_Driver/Src/stm32f1xx_hal_rcc.o
 *(.rodata*)
 .rodata.AHBPrescTable
                0x0000000008004b94       0x10 ./Core/Src/system_stm32f1xx.o
                0x0000000008004b94                AHBPrescTable
 .rodata.APBPrescTable
                0x0000000008004ba4        0x8 ./Core/Src/system_stm32f1xx.o
                0x0000000008004ba4                APBPrescTable
 .rodata._svfprintf_r.str1.1
                0x0000000008004bac       0x11 c:/st/stm32cubeide_1.7.0/stm32cubeide/plugins/com.st.stm32cube.ide.mcu.externaltools.gnu-tools-for-stm32.9-2020-q2-update.win32_2.0.0.202105311346/tools/bin/../lib/gcc/arm-none-eabi/9.3.1/../../../../arm-none-eabi/lib/thumb/v7-m/nofp\libc_nano.a(lib_a-nano-svfprintf.o)
 .rodata._printf_i.str1.1
                0x0000000008004bbd       0x22 c:/st/stm32cubeide_1.7.0/stm32cubeide/plugins/com.st.stm32cube.ide.mcu.externaltools.gnu-tools-for-stm32.9-2020-q2-update.win32_2.0.0.202105311346/tools/bin/../lib/gcc/arm-none-eabi/9.3.1/../../../../arm-none-eabi/lib/thumb/v7-m/nofp\libc_nano.a(lib_a-nano-vfprintf_i.o)
                0x0000000008004be0                . = ALIGN (0x4)
 *fill*         0x0000000008004bdf        0x1 

.rel.dyn        0x0000000008004be0        0x0
 .rel.iplt      0x0000000008004be0        0x0 c:/st/stm32cubeide_1.7.0/stm32cubeide/plugins/com.st.stm32cube.ide.mcu.externaltools.gnu-tools-for-stm32.9-2020-q2-update.win32_2.0.0.202105311346/tools/bin/../lib/gcc/arm-none-eabi/9.3.1/thumb/v7-m/nofp/crtbegin.o

.ARM.extab      0x0000000008004be0        0x0
                0x0000000008004be0                . = ALIGN (0x4)
 *(.ARM.extab* .gnu.linkonce.armextab.*)
                0x0000000008004be0                . = ALIGN (0x4)

.ARM            0x0000000008004be0        0x0
                0x0000000008004be0                . = ALIGN (0x4)
                0x0000000008004be0                __exidx_start = .
 *(.ARM.exidx*)
                0x0000000008004be0                __exidx_end = .
                0x0000000008004be0                . = ALIGN (0x4)

.preinit_array  0x0000000008004be0        0x0
                0x0000000008004be0                . = ALIGN (0x4)
                0x0000000008004be0                PROVIDE (__preinit_array_start = .)
 *(.preinit_array*)
                0x0000000008004be0                PROVIDE (__preinit_array_end = .)
                0x0000000008004be0                . = ALIGN (0x4)

.init_array     0x0000000008004be0        0x4
                0x0000000008004be0                . = ALIGN (0x4)
                0x0000000008004be0                PROVIDE (__init_array_start = .)
 *(SORT_BY_NAME(.init_array.*))
 *(.init_array*)
 .init_array    0x0000000008004be0        0x4 c:/st/stm32cubeide_1.7.0/stm32cubeide/plugins/com.st.stm32cube.ide.mcu.externaltools.gnu-tools-for-stm32.9-2020-q2-update.win32_2.0.0.202105311346/tools/bin/../lib/gcc/arm-none-eabi/9.3.1/thumb/v7-m/nofp/crtbegin.o
                0x0000000008004be4                PROVIDE (__init_array_end = .)
                0x0000000008004be4                . = ALIGN (0x4)

.fini_array     0x0000000008004be4        0x4
                0x0000000008004be4                . = ALIGN (0x4)
                [!provide]                        PROVIDE (__fini_array_start = .)
 *(SORT_BY_NAME(.fini_array.*))
 *(.fini_array*)
 .fini_array    0x0000000008004be4        0x4 c:/st/stm32cubeide_1.7.0/stm32cubeide/plugins/com.st.stm32cube.ide.mcu.externaltools.gnu-tools-for-stm32.9-2020-q2-update.win32_2.0.0.202105311346/tools/bin/../lib/gcc/arm-none-eabi/9.3.1/thumb/v7-m/nofp/crtbegin.o
                [!provide]                        PROVIDE (__fini_array_end = .)
                0x0000000008004be8                . = ALIGN (0x4)
                0x0000000008004be8                _sidata = LOADADDR (.data)

.data           0x0000000020000000      0x140 load address 0x0000000008004be8
                0x0000000020000000                . = ALIGN (0x4)
                0x0000000020000000                _sdata = .
 *(.data)
 *(.data*)
 .data.KeyReg0  0x0000000020000000       0x10 ./Core/Src/button.o
                0x0000000020000000                KeyReg0
 .data.KeyReg1  0x0000000020000010       0x10 ./Core/Src/button.o
                0x0000000020000010                KeyReg1
 .data.KeyReg2  0x0000000020000020       0x10 ./Core/Src/button.o
                0x0000000020000020                KeyReg2
 .data.KeyReg3  0x0000000020000030       0x10 ./Core/Src/button.o
                0x0000000020000030                KeyReg3
 .data.clock_counter
                0x0000000020000040        0x4 ./Core/Src/fsm.o
                0x0000000020000040                clock_counter
 .data.clock_counter_1
                0x0000000020000044        0x4 ./Core/Src/fsm.o
                0x0000000020000044                clock_counter_1
 .data.pedestrain_status
                0x0000000020000048        0x4 ./Core/Src/fsm.o
                0x0000000020000048                pedestrain_status
 .data.MAX_RED  0x000000002000004c        0x4 ./Core/Src/fsm.o
                0x000000002000004c                MAX_RED
 .data.MAX_YELLOW
                0x0000000020000050        0x4 ./Core/Src/fsm.o
                0x0000000020000050                MAX_YELLOW
 .data.MAX_GREEN
                0x0000000020000054        0x4 ./Core/Src/fsm.o
                0x0000000020000054                MAX_GREEN
 .data.BUFFER_RED
                0x0000000020000058        0x4 ./Core/Src/fsm.o
                0x0000000020000058                BUFFER_RED
 .data.BUFFER_YELLOW
                0x000000002000005c        0x4 ./Core/Src/fsm.o
                0x000000002000005c                BUFFER_YELLOW
 .data.BUFFER_GREEN
                0x0000000020000060        0x4 ./Core/Src/fsm.o
                0x0000000020000060                BUFFER_GREEN
 .data.tim_frequency
                0x0000000020000064        0x8 ./Core/Src/fsm.o
                0x0000000020000064                tim_frequency
 .data.tim_volume
                0x000000002000006c        0x4 ./Core/Src/fsm.o
                0x000000002000006c                tim_volume
 .data.tim_max  0x0000000020000070        0x4 ./Core/Src/fsm.o
                0x0000000020000070                tim_max
 .data.button   0x0000000020000074        0x8 ./Core/Src/global.o
                0x0000000020000074                button
 .data.button_gpio
                0x000000002000007c       0x10 ./Core/Src/global.o
                0x000000002000007c                button_gpio
 .data.led      0x000000002000008c        0xc ./Core/Src/global.o
                0x000000002000008c                led
 .data.led_gpio
                0x0000000020000098       0x18 ./Core/Src/global.o
                0x0000000020000098                led_gpio
 .data.TimeOutForKeyPress
                0x00000000200000b0       0x10 ./Core/Src/global.o
                0x00000000200000b0                TimeOutForKeyPress
 .data.timer_delay
                0x00000000200000c0       0x10 ./Core/Src/global.o
                0x00000000200000c0                timer_delay
 .data.SystemCoreClock
                0x00000000200000d0        0x4 ./Core/Src/system_stm32f1xx.o
                0x00000000200000d0                SystemCoreClock
 .data.uwTickPrio
                0x00000000200000d4        0x4 ./Drivers/STM32F1xx_HAL_Driver/Src/stm32f1xx_hal.o
                0x00000000200000d4                uwTickPrio
 .data.uwTickFreq
                0x00000000200000d8        0x1 ./Drivers/STM32F1xx_HAL_Driver/Src/stm32f1xx_hal.o
                0x00000000200000d8                uwTickFreq
 *fill*         0x00000000200000d9        0x3 
 .data._impure_ptr
                0x00000000200000dc        0x4 c:/st/stm32cubeide_1.7.0/stm32cubeide/plugins/com.st.stm32cube.ide.mcu.externaltools.gnu-tools-for-stm32.9-2020-q2-update.win32_2.0.0.202105311346/tools/bin/../lib/gcc/arm-none-eabi/9.3.1/../../../../arm-none-eabi/lib/thumb/v7-m/nofp\libc_nano.a(lib_a-impure.o)
                0x00000000200000dc                _impure_ptr
 .data.impure_data
                0x00000000200000e0       0x60 c:/st/stm32cubeide_1.7.0/stm32cubeide/plugins/com.st.stm32cube.ide.mcu.externaltools.gnu-tools-for-stm32.9-2020-q2-update.win32_2.0.0.202105311346/tools/bin/../lib/gcc/arm-none-eabi/9.3.1/../../../../arm-none-eabi/lib/thumb/v7-m/nofp\libc_nano.a(lib_a-impure.o)
 *(.RamFunc)
 *(.RamFunc*)
                0x0000000020000140                . = ALIGN (0x4)
                0x0000000020000140                _edata = .

.igot.plt       0x0000000020000140        0x0 load address 0x0000000008004d28
 .igot.plt      0x0000000020000140        0x0 c:/st/stm32cubeide_1.7.0/stm32cubeide/plugins/com.st.stm32cube.ide.mcu.externaltools.gnu-tools-for-stm32.9-2020-q2-update.win32_2.0.0.202105311346/tools/bin/../lib/gcc/arm-none-eabi/9.3.1/thumb/v7-m/nofp/crtbegin.o
                0x0000000020000140                . = ALIGN (0x4)

.bss            0x0000000020000140      0x244 load address 0x0000000008004d28
                0x0000000020000140                _sbss = .
                0x0000000020000140                __bss_start__ = _sbss
 *(.bss)
 .bss           0x0000000020000140       0x1c c:/st/stm32cubeide_1.7.0/stm32cubeide/plugins/com.st.stm32cube.ide.mcu.externaltools.gnu-tools-for-stm32.9-2020-q2-update.win32_2.0.0.202105311346/tools/bin/../lib/gcc/arm-none-eabi/9.3.1/thumb/v7-m/nofp/crtbegin.o
 *(.bss*)
 .bss.auto_status
                0x000000002000015c        0x4 ./Core/Src/fsm.o
                0x000000002000015c                auto_status
 .bss.auto_status_1
                0x0000000020000160        0x4 ./Core/Src/fsm.o
                0x0000000020000160                auto_status_1
 .bss.manual_status
                0x0000000020000164        0x4 ./Core/Src/fsm.o
                0x0000000020000164                manual_status
 .bss.tim_count
                0x0000000020000168        0x4 ./Core/Src/fsm.o
                0x0000000020000168                tim_count
 .bss.button_flag
                0x000000002000016c       0x10 ./Core/Src/global.o
                0x000000002000016c                button_flag
 .bss.button_long_flag
                0x000000002000017c       0x10 ./Core/Src/global.o
                0x000000002000017c                button_long_flag
 .bss.timer_counter
                0x000000002000018c       0x10 ./Core/Src/global.o
                0x000000002000018c                timer_counter
 .bss.timer_flag
                0x000000002000019c       0x10 ./Core/Src/global.o
                0x000000002000019c                timer_flag
 .bss.__sbrk_heap_end
                0x00000000200001ac        0x4 ./Core/Src/sysmem.o
 .bss.temp      0x00000000200001b0        0x1 ./Core/Src/uart.o
                0x00000000200001b0                temp
 .bss.index_buffer
                0x00000000200001b1        0x1 ./Core/Src/uart.o
                0x00000000200001b1                index_buffer
 .bss.buffer_flag
                0x00000000200001b2        0x1 ./Core/Src/uart.o
                0x00000000200001b2                buffer_flag
 *fill*         0x00000000200001b3        0x1 
 .bss.__malloc_free_list
                0x00000000200001b4        0x4 c:/st/stm32cubeide_1.7.0/stm32cubeide/plugins/com.st.stm32cube.ide.mcu.externaltools.gnu-tools-for-stm32.9-2020-q2-update.win32_2.0.0.202105311346/tools/bin/../lib/gcc/arm-none-eabi/9.3.1/../../../../arm-none-eabi/lib/thumb/v7-m/nofp\libc_nano.a(lib_a-nano-mallocr.o)
                0x00000000200001b4                __malloc_free_list
 .bss.__malloc_sbrk_start
                0x00000000200001b8        0x4 c:/st/stm32cubeide_1.7.0/stm32cubeide/plugins/com.st.stm32cube.ide.mcu.externaltools.gnu-tools-for-stm32.9-2020-q2-update.win32_2.0.0.202105311346/tools/bin/../lib/gcc/arm-none-eabi/9.3.1/../../../../arm-none-eabi/lib/thumb/v7-m/nofp\libc_nano.a(lib_a-nano-mallocr.o)
                0x00000000200001b8                __malloc_sbrk_start
 *(COMMON)
 COMMON         0x00000000200001bc       0x32 ./Core/Src/fsm.o
                0x00000000200001bc                str
 *fill*         0x00000000200001ee        0x2 
 COMMON         0x00000000200001f0       0xd4 ./Core/Src/main.o
                0x00000000200001f0                htim3
                0x0000000020000238                htim2
                0x0000000020000280                huart2
 COMMON         0x00000000200002c4       0x8c ./Core/Src/scheduler.o
                0x00000000200002c4                Proc
 COMMON         0x0000000020000350       0x1e ./Core/Src/uart.o
                0x0000000020000350                buffer
 *fill*         0x000000002000036e        0x2 
 COMMON         0x0000000020000370        0x4 ./Drivers/STM32F1xx_HAL_Driver/Src/stm32f1xx_hal.o
                0x0000000020000370                uwTick
 COMMON         0x0000000020000374        0x4 c:/st/stm32cubeide_1.7.0/stm32cubeide/plugins/com.st.stm32cube.ide.mcu.externaltools.gnu-tools-for-stm32.9-2020-q2-update.win32_2.0.0.202105311346/tools/bin/../lib/gcc/arm-none-eabi/9.3.1/../../../../arm-none-eabi/lib/thumb/v7-m/nofp\libc_nano.a(lib_a-reent.o)
                0x0000000020000374                errno
 COMMON         0x0000000020000378        0x9 c:/st/stm32cubeide_1.7.0/stm32cubeide/plugins/com.st.stm32cube.ide.mcu.externaltools.gnu-tools-for-stm32.9-2020-q2-update.win32_2.0.0.202105311346/tools/bin/../lib/gcc/arm-none-eabi/9.3.1/../../../../arm-none-eabi/lib/thumb/v7-m/nofp\libc_nano.a(lib_a-lock.o)
                0x0000000020000378                __lock___atexit_recursive_mutex
                0x0000000020000379                __lock___arc4random_mutex
                0x000000002000037a                __lock___env_recursive_mutex
                0x000000002000037b                __lock___sinit_recursive_mutex
                0x000000002000037c                __lock___malloc_recursive_mutex
                0x000000002000037d                __lock___at_quick_exit_mutex
                0x000000002000037e                __lock___dd_hash_mutex
                0x000000002000037f                __lock___tz_mutex
                0x0000000020000380                __lock___sfp_recursive_mutex
                0x0000000020000384                . = ALIGN (0x4)
 *fill*         0x0000000020000381        0x3 
                0x0000000020000384                _ebss = .
                0x0000000020000384                __bss_end__ = _ebss

._user_heap_stack
                0x0000000020000384      0x604 load address 0x0000000008004d28
                0x0000000020000388                . = ALIGN (0x8)
 *fill*         0x0000000020000384        0x4 
                [!provide]                        PROVIDE (end = .)
                0x0000000020000388                PROVIDE (_end = .)
                0x0000000020000588                . = (. + _Min_Heap_Size)
 *fill*         0x0000000020000388      0x200 
                0x0000000020000988                . = (. + _Min_Stack_Size)
 *fill*         0x0000000020000588      0x400 
                0x0000000020000988                . = ALIGN (0x8)

/DISCARD/
 libc.a(*)
 libm.a(*)
 libgcc.a(*)

.ARM.attributes
                0x0000000000000000       0x29
 *(.ARM.attributes)
 .ARM.attributes
                0x0000000000000000       0x1d c:/st/stm32cubeide_1.7.0/stm32cubeide/plugins/com.st.stm32cube.ide.mcu.externaltools.gnu-tools-for-stm32.9-2020-q2-update.win32_2.0.0.202105311346/tools/bin/../lib/gcc/arm-none-eabi/9.3.1/thumb/v7-m/nofp/crti.o
 .ARM.attributes
                0x000000000000001d       0x2d c:/st/stm32cubeide_1.7.0/stm32cubeide/plugins/com.st.stm32cube.ide.mcu.externaltools.gnu-tools-for-stm32.9-2020-q2-update.win32_2.0.0.202105311346/tools/bin/../lib/gcc/arm-none-eabi/9.3.1/thumb/v7-m/nofp/crtbegin.o
 .ARM.attributes
                0x000000000000004a       0x2d ./Core/Src/button.o
 .ARM.attributes
                0x0000000000000077       0x2d ./Core/Src/fsm.o
 .ARM.attributes
                0x00000000000000a4       0x33 ./Core/Src/global.o
 .ARM.attributes
                0x00000000000000d7       0x2d ./Core/Src/main.o
 .ARM.attributes
                0x0000000000000104       0x2d ./Core/Src/scheduler.o
 .ARM.attributes
                0x0000000000000131       0x2d ./Core/Src/stm32f1xx_hal_msp.o
 .ARM.attributes
                0x000000000000015e       0x2d ./Core/Src/stm32f1xx_it.o
 .ARM.attributes
                0x000000000000018b       0x2d ./Core/Src/sysmem.o
 .ARM.attributes
                0x00000000000001b8       0x2d ./Core/Src/system_stm32f1xx.o
 .ARM.attributes
                0x00000000000001e5       0x2d ./Core/Src/timer.o
 .ARM.attributes
                0x0000000000000212       0x2d ./Core/Src/uart.o
 .ARM.attributes
                0x000000000000023f       0x21 ./Core/Startup/startup_stm32f103rbtx.o
 .ARM.attributes
                0x0000000000000260       0x2d ./Drivers/STM32F1xx_HAL_Driver/Src/stm32f1xx_hal.o
 .ARM.attributes
                0x000000000000028d       0x2d ./Drivers/STM32F1xx_HAL_Driver/Src/stm32f1xx_hal_cortex.o
 .ARM.attributes
                0x00000000000002ba       0x2d ./Drivers/STM32F1xx_HAL_Driver/Src/stm32f1xx_hal_dma.o
 .ARM.attributes
                0x00000000000002e7       0x2d ./Drivers/STM32F1xx_HAL_Driver/Src/stm32f1xx_hal_gpio.o
 .ARM.attributes
                0x0000000000000314       0x2d ./Drivers/STM32F1xx_HAL_Driver/Src/stm32f1xx_hal_rcc.o
 .ARM.attributes
                0x0000000000000341       0x2d ./Drivers/STM32F1xx_HAL_Driver/Src/stm32f1xx_hal_tim.o
 .ARM.attributes
                0x000000000000036e       0x2d ./Drivers/STM32F1xx_HAL_Driver/Src/stm32f1xx_hal_tim_ex.o
 .ARM.attributes
                0x000000000000039b       0x2d ./Drivers/STM32F1xx_HAL_Driver/Src/stm32f1xx_hal_uart.o
 .ARM.attributes
                0x00000000000003c8       0x2d c:/st/stm32cubeide_1.7.0/stm32cubeide/plugins/com.st.stm32cube.ide.mcu.externaltools.gnu-tools-for-stm32.9-2020-q2-update.win32_2.0.0.202105311346/tools/bin/../lib/gcc/arm-none-eabi/9.3.1/../../../../arm-none-eabi/lib/thumb/v7-m/nofp\libc_nano.a(lib_a-errno.o)
 .ARM.attributes
                0x00000000000003f5       0x2d c:/st/stm32cubeide_1.7.0/stm32cubeide/plugins/com.st.stm32cube.ide.mcu.externaltools.gnu-tools-for-stm32.9-2020-q2-update.win32_2.0.0.202105311346/tools/bin/../lib/gcc/arm-none-eabi/9.3.1/../../../../arm-none-eabi/lib/thumb/v7-m/nofp\libc_nano.a(lib_a-impure.o)
 .ARM.attributes
                0x0000000000000422       0x2d c:/st/stm32cubeide_1.7.0/stm32cubeide/plugins/com.st.stm32cube.ide.mcu.externaltools.gnu-tools-for-stm32.9-2020-q2-update.win32_2.0.0.202105311346/tools/bin/../lib/gcc/arm-none-eabi/9.3.1/../../../../arm-none-eabi/lib/thumb/v7-m/nofp\libc_nano.a(lib_a-init.o)
 .ARM.attributes
                0x000000000000044f       0x2d c:/st/stm32cubeide_1.7.0/stm32cubeide/plugins/com.st.stm32cube.ide.mcu.externaltools.gnu-tools-for-stm32.9-2020-q2-update.win32_2.0.0.202105311346/tools/bin/../lib/gcc/arm-none-eabi/9.3.1/../../../../arm-none-eabi/lib/thumb/v7-m/nofp\libc_nano.a(lib_a-memset.o)
 .ARM.attributes
                0x000000000000047c       0x2d c:/st/stm32cubeide_1.7.0/stm32cubeide/plugins/com.st.stm32cube.ide.mcu.externaltools.gnu-tools-for-stm32.9-2020-q2-update.win32_2.0.0.202105311346/tools/bin/../lib/gcc/arm-none-eabi/9.3.1/../../../../arm-none-eabi/lib/thumb/v7-m/nofp\libc_nano.a(lib_a-sprintf.o)
 .ARM.attributes
                0x00000000000004a9       0x2d c:/st/stm32cubeide_1.7.0/stm32cubeide/plugins/com.st.stm32cube.ide.mcu.externaltools.gnu-tools-for-stm32.9-2020-q2-update.win32_2.0.0.202105311346/tools/bin/../lib/gcc/arm-none-eabi/9.3.1/../../../../arm-none-eabi/lib/thumb/v7-m/nofp\libc_nano.a(lib_a-nano-svfprintf.o)
 .ARM.attributes
                0x00000000000004d6       0x2d c:/st/stm32cubeide_1.7.0/stm32cubeide/plugins/com.st.stm32cube.ide.mcu.externaltools.gnu-tools-for-stm32.9-2020-q2-update.win32_2.0.0.202105311346/tools/bin/../lib/gcc/arm-none-eabi/9.3.1/../../../../arm-none-eabi/lib/thumb/v7-m/nofp\libc_nano.a(lib_a-nano-vfprintf_i.o)
 .ARM.attributes
                0x0000000000000503       0x2d c:/st/stm32cubeide_1.7.0/stm32cubeide/plugins/com.st.stm32cube.ide.mcu.externaltools.gnu-tools-for-stm32.9-2020-q2-update.win32_2.0.0.202105311346/tools/bin/../lib/gcc/arm-none-eabi/9.3.1/../../../../arm-none-eabi/lib/thumb/v7-m/nofp\libc_nano.a(lib_a-memchr-stub.o)
 .ARM.attributes
                0x0000000000000530       0x2d c:/st/stm32cubeide_1.7.0/stm32cubeide/plugins/com.st.stm32cube.ide.mcu.externaltools.gnu-tools-for-stm32.9-2020-q2-update.win32_2.0.0.202105311346/tools/bin/../lib/gcc/arm-none-eabi/9.3.1/../../../../arm-none-eabi/lib/thumb/v7-m/nofp\libc_nano.a(lib_a-memcpy-stub.o)
 .ARM.attributes
                0x000000000000055d       0x2d c:/st/stm32cubeide_1.7.0/stm32cubeide/plugins/com.st.stm32cube.ide.mcu.externaltools.gnu-tools-for-stm32.9-2020-q2-update.win32_2.0.0.202105311346/tools/bin/../lib/gcc/arm-none-eabi/9.3.1/../../../../arm-none-eabi/lib/thumb/v7-m/nofp\libc_nano.a(lib_a-memmove.o)
 .ARM.attributes
                0x000000000000058a       0x2d c:/st/stm32cubeide_1.7.0/stm32cubeide/plugins/com.st.stm32cube.ide.mcu.externaltools.gnu-tools-for-stm32.9-2020-q2-update.win32_2.0.0.202105311346/tools/bin/../lib/gcc/arm-none-eabi/9.3.1/../../../../arm-none-eabi/lib/thumb/v7-m/nofp\libc_nano.a(lib_a-nano-freer.o)
 .ARM.attributes
                0x00000000000005b7       0x2d c:/st/stm32cubeide_1.7.0/stm32cubeide/plugins/com.st.stm32cube.ide.mcu.externaltools.gnu-tools-for-stm32.9-2020-q2-update.win32_2.0.0.202105311346/tools/bin/../lib/gcc/arm-none-eabi/9.3.1/../../../../arm-none-eabi/lib/thumb/v7-m/nofp\libc_nano.a(lib_a-nano-mallocr.o)
 .ARM.attributes
                0x00000000000005e4       0x2d c:/st/stm32cubeide_1.7.0/stm32cubeide/plugins/com.st.stm32cube.ide.mcu.externaltools.gnu-tools-for-stm32.9-2020-q2-update.win32_2.0.0.202105311346/tools/bin/../lib/gcc/arm-none-eabi/9.3.1/../../../../arm-none-eabi/lib/thumb/v7-m/nofp\libc_nano.a(lib_a-nano-reallocr.o)
 .ARM.attributes
                0x0000000000000611       0x2d c:/st/stm32cubeide_1.7.0/stm32cubeide/plugins/com.st.stm32cube.ide.mcu.externaltools.gnu-tools-for-stm32.9-2020-q2-update.win32_2.0.0.202105311346/tools/bin/../lib/gcc/arm-none-eabi/9.3.1/../../../../arm-none-eabi/lib/thumb/v7-m/nofp\libc_nano.a(lib_a-sbrkr.o)
 .ARM.attributes
                0x000000000000063e       0x2d c:/st/stm32cubeide_1.7.0/stm32cubeide/plugins/com.st.stm32cube.ide.mcu.externaltools.gnu-tools-for-stm32.9-2020-q2-update.win32_2.0.0.202105311346/tools/bin/../lib/gcc/arm-none-eabi/9.3.1/../../../../arm-none-eabi/lib/thumb/v7-m/nofp\libc_nano.a(lib_a-mlock.o)
 .ARM.attributes
                0x000000000000066b       0x2d c:/st/stm32cubeide_1.7.0/stm32cubeide/plugins/com.st.stm32cube.ide.mcu.externaltools.gnu-tools-for-stm32.9-2020-q2-update.win32_2.0.0.202105311346/tools/bin/../lib/gcc/arm-none-eabi/9.3.1/../../../../arm-none-eabi/lib/thumb/v7-m/nofp\libc_nano.a(lib_a-nano-msizer.o)
 .ARM.attributes
                0x0000000000000698       0x2d c:/st/stm32cubeide_1.7.0/stm32cubeide/plugins/com.st.stm32cube.ide.mcu.externaltools.gnu-tools-for-stm32.9-2020-q2-update.win32_2.0.0.202105311346/tools/bin/../lib/gcc/arm-none-eabi/9.3.1/../../../../arm-none-eabi/lib/thumb/v7-m/nofp\libc_nano.a(lib_a-reent.o)
 .ARM.attributes
                0x00000000000006c5       0x2d c:/st/stm32cubeide_1.7.0/stm32cubeide/plugins/com.st.stm32cube.ide.mcu.externaltools.gnu-tools-for-stm32.9-2020-q2-update.win32_2.0.0.202105311346/tools/bin/../lib/gcc/arm-none-eabi/9.3.1/../../../../arm-none-eabi/lib/thumb/v7-m/nofp\libc_nano.a(lib_a-lock.o)
 .ARM.attributes
                0x00000000000006f2       0x1d c:/st/stm32cubeide_1.7.0/stm32cubeide/plugins/com.st.stm32cube.ide.mcu.externaltools.gnu-tools-for-stm32.9-2020-q2-update.win32_2.0.0.202105311346/tools/bin/../lib/gcc/arm-none-eabi/9.3.1/thumb/v7-m/nofp/crtn.o
OUTPUT(FinalProject_Deploy.elf elf32-littlearm)
LOAD linker stubs
LOAD c:/st/stm32cubeide_1.7.0/stm32cubeide/plugins/com.st.stm32cube.ide.mcu.externaltools.gnu-tools-for-stm32.9-2020-q2-update.win32_2.0.0.202105311346/tools/bin/../lib/gcc/arm-none-eabi/9.3.1/../../../../arm-none-eabi/lib/thumb/v7-m/nofp\libc.a
LOAD c:/st/stm32cubeide_1.7.0/stm32cubeide/plugins/com.st.stm32cube.ide.mcu.externaltools.gnu-tools-for-stm32.9-2020-q2-update.win32_2.0.0.202105311346/tools/bin/../lib/gcc/arm-none-eabi/9.3.1/../../../../arm-none-eabi/lib/thumb/v7-m/nofp\libm.a
LOAD c:/st/stm32cubeide_1.7.0/stm32cubeide/plugins/com.st.stm32cube.ide.mcu.externaltools.gnu-tools-for-stm32.9-2020-q2-update.win32_2.0.0.202105311346/tools/bin/../lib/gcc/arm-none-eabi/9.3.1/thumb/v7-m/nofp\libgcc.a

.debug_info     0x0000000000000000    0x103aa
 .debug_info    0x0000000000000000      0xbdd ./Core/Src/button.o
 .debug_info    0x0000000000000bdd     0x1611 ./Core/Src/fsm.o
 .debug_info    0x00000000000021ee      0xb34 ./Core/Src/global.o
 .debug_info    0x0000000000002d22     0x1816 ./Core/Src/main.o
 .debug_info    0x0000000000004538      0x240 ./Core/Src/scheduler.o
 .debug_info    0x0000000000004778      0xe38 ./Core/Src/stm32f1xx_hal_msp.o
 .debug_info    0x00000000000055b0      0xa22 ./Core/Src/stm32f1xx_it.o
 .debug_info    0x0000000000005fd2      0xa25 ./Core/Src/sysmem.o
 .debug_info    0x00000000000069f7      0x2be ./Core/Src/system_stm32f1xx.o
 .debug_info    0x0000000000006cb5      0xb7c ./Core/Src/timer.o
 .debug_info    0x0000000000007831      0xb30 ./Core/Src/uart.o
 .debug_info    0x0000000000008361       0x22 ./Core/Startup/startup_stm32f103rbtx.o
 .debug_info    0x0000000000008383      0x76a ./Drivers/STM32F1xx_HAL_Driver/Src/stm32f1xx_hal.o
 .debug_info    0x0000000000008aed      0xbdc ./Drivers/STM32F1xx_HAL_Driver/Src/stm32f1xx_hal_cortex.o
 .debug_info    0x00000000000096c9      0x81e ./Drivers/STM32F1xx_HAL_Driver/Src/stm32f1xx_hal_dma.o
 .debug_info    0x0000000000009ee7      0x701 ./Drivers/STM32F1xx_HAL_Driver/Src/stm32f1xx_hal_gpio.o
 .debug_info    0x000000000000a5e8      0x88e ./Drivers/STM32F1xx_HAL_Driver/Src/stm32f1xx_hal_rcc.o
 .debug_info    0x000000000000ae76     0x2a45 ./Drivers/STM32F1xx_HAL_Driver/Src/stm32f1xx_hal_tim.o
 .debug_info    0x000000000000d8bb     0x14d5 ./Drivers/STM32F1xx_HAL_Driver/Src/stm32f1xx_hal_tim_ex.o
 .debug_info    0x000000000000ed90     0x161a ./Drivers/STM32F1xx_HAL_Driver/Src/stm32f1xx_hal_uart.o

.debug_abbrev   0x0000000000000000     0x2727
 .debug_abbrev  0x0000000000000000      0x20a ./Core/Src/button.o
 .debug_abbrev  0x000000000000020a      0x2c9 ./Core/Src/fsm.o
 .debug_abbrev  0x00000000000004d3      0x160 ./Core/Src/global.o
 .debug_abbrev  0x0000000000000633      0x2ec ./Core/Src/main.o
 .debug_abbrev  0x000000000000091f      0x163 ./Core/Src/scheduler.o
 .debug_abbrev  0x0000000000000a82      0x1c8 ./Core/Src/stm32f1xx_hal_msp.o
 .debug_abbrev  0x0000000000000c4a      0x176 ./Core/Src/stm32f1xx_it.o
 .debug_abbrev  0x0000000000000dc0      0x1bf ./Core/Src/sysmem.o
 .debug_abbrev  0x0000000000000f7f      0x14e ./Core/Src/system_stm32f1xx.o
 .debug_abbrev  0x00000000000010cd      0x1d2 ./Core/Src/timer.o
 .debug_abbrev  0x000000000000129f      0x1a4 ./Core/Src/uart.o
 .debug_abbrev  0x0000000000001443       0x12 ./Core/Startup/startup_stm32f103rbtx.o
 .debug_abbrev  0x0000000000001455      0x1ed ./Drivers/STM32F1xx_HAL_Driver/Src/stm32f1xx_hal.o
 .debug_abbrev  0x0000000000001642      0x313 ./Drivers/STM32F1xx_HAL_Driver/Src/stm32f1xx_hal_cortex.o
 .debug_abbrev  0x0000000000001955      0x228 ./Drivers/STM32F1xx_HAL_Driver/Src/stm32f1xx_hal_dma.o
 .debug_abbrev  0x0000000000001b7d      0x1e8 ./Drivers/STM32F1xx_HAL_Driver/Src/stm32f1xx_hal_gpio.o
 .debug_abbrev  0x0000000000001d65      0x273 ./Drivers/STM32F1xx_HAL_Driver/Src/stm32f1xx_hal_rcc.o
 .debug_abbrev  0x0000000000001fd8      0x25e ./Drivers/STM32F1xx_HAL_Driver/Src/stm32f1xx_hal_tim.o
 .debug_abbrev  0x0000000000002236      0x266 ./Drivers/STM32F1xx_HAL_Driver/Src/stm32f1xx_hal_tim_ex.o
 .debug_abbrev  0x000000000000249c      0x28b ./Drivers/STM32F1xx_HAL_Driver/Src/stm32f1xx_hal_uart.o

.debug_aranges  0x0000000000000000      0xd70
 .debug_aranges
                0x0000000000000000       0x40 ./Core/Src/button.o
 .debug_aranges
                0x0000000000000040       0x88 ./Core/Src/fsm.o
 .debug_aranges
                0x00000000000000c8       0x18 ./Core/Src/global.o
 .debug_aranges
                0x00000000000000e0       0x50 ./Core/Src/main.o
 .debug_aranges
                0x0000000000000130       0x40 ./Core/Src/scheduler.o
 .debug_aranges
                0x0000000000000170       0x48 ./Core/Src/stm32f1xx_hal_msp.o
 .debug_aranges
                0x00000000000001b8       0x70 ./Core/Src/stm32f1xx_it.o
 .debug_aranges
                0x0000000000000228       0x20 ./Core/Src/sysmem.o
 .debug_aranges
                0x0000000000000248       0x28 ./Core/Src/system_stm32f1xx.o
 .debug_aranges
                0x0000000000000270       0x38 ./Core/Src/timer.o
 .debug_aranges
                0x00000000000002a8       0x20 ./Core/Src/uart.o
 .debug_aranges
                0x00000000000002c8       0x28 ./Core/Startup/startup_stm32f103rbtx.o
 .debug_aranges
                0x00000000000002f0       0xe0 ./Drivers/STM32F1xx_HAL_Driver/Src/stm32f1xx_hal.o
 .debug_aranges
                0x00000000000003d0      0x100 ./Drivers/STM32F1xx_HAL_Driver/Src/stm32f1xx_hal_cortex.o
 .debug_aranges
                0x00000000000004d0       0x80 ./Drivers/STM32F1xx_HAL_Driver/Src/stm32f1xx_hal_dma.o
 .debug_aranges
                0x0000000000000550       0x58 ./Drivers/STM32F1xx_HAL_Driver/Src/stm32f1xx_hal_gpio.o
 .debug_aranges
                0x00000000000005a8       0x90 ./Drivers/STM32F1xx_HAL_Driver/Src/stm32f1xx_hal_rcc.o
 .debug_aranges
                0x0000000000000638      0x3d0 ./Drivers/STM32F1xx_HAL_Driver/Src/stm32f1xx_hal_tim.o
 .debug_aranges
                0x0000000000000a08      0x168 ./Drivers/STM32F1xx_HAL_Driver/Src/stm32f1xx_hal_tim_ex.o
 .debug_aranges
                0x0000000000000b70      0x200 ./Drivers/STM32F1xx_HAL_Driver/Src/stm32f1xx_hal_uart.o

.debug_ranges   0x0000000000000000      0xc60
 .debug_ranges  0x0000000000000000       0x30 ./Core/Src/button.o
 .debug_ranges  0x0000000000000030       0x78 ./Core/Src/fsm.o
 .debug_ranges  0x00000000000000a8       0x40 ./Core/Src/main.o
 .debug_ranges  0x00000000000000e8       0x30 ./Core/Src/scheduler.o
 .debug_ranges  0x0000000000000118       0x38 ./Core/Src/stm32f1xx_hal_msp.o
 .debug_ranges  0x0000000000000150       0x60 ./Core/Src/stm32f1xx_it.o
 .debug_ranges  0x00000000000001b0       0x10 ./Core/Src/sysmem.o
 .debug_ranges  0x00000000000001c0       0x18 ./Core/Src/system_stm32f1xx.o
 .debug_ranges  0x00000000000001d8       0x28 ./Core/Src/timer.o
 .debug_ranges  0x0000000000000200       0x10 ./Core/Src/uart.o
 .debug_ranges  0x0000000000000210       0x20 ./Core/Startup/startup_stm32f103rbtx.o
 .debug_ranges  0x0000000000000230       0xd0 ./Drivers/STM32F1xx_HAL_Driver/Src/stm32f1xx_hal.o
 .debug_ranges  0x0000000000000300       0xf0 ./Drivers/STM32F1xx_HAL_Driver/Src/stm32f1xx_hal_cortex.o
 .debug_ranges  0x00000000000003f0       0x70 ./Drivers/STM32F1xx_HAL_Driver/Src/stm32f1xx_hal_dma.o
 .debug_ranges  0x0000000000000460       0x48 ./Drivers/STM32F1xx_HAL_Driver/Src/stm32f1xx_hal_gpio.o
 .debug_ranges  0x00000000000004a8       0x80 ./Drivers/STM32F1xx_HAL_Driver/Src/stm32f1xx_hal_rcc.o
 .debug_ranges  0x0000000000000528      0x3c0 ./Drivers/STM32F1xx_HAL_Driver/Src/stm32f1xx_hal_tim.o
 .debug_ranges  0x00000000000008e8      0x158 ./Drivers/STM32F1xx_HAL_Driver/Src/stm32f1xx_hal_tim_ex.o
 .debug_ranges  0x0000000000000a40      0x220 ./Drivers/STM32F1xx_HAL_Driver/Src/stm32f1xx_hal_uart.o

.debug_macro    0x0000000000000000    0x186f3
 .debug_macro   0x0000000000000000      0x1c5 ./Core/Src/button.o
 .debug_macro   0x00000000000001c5      0xa9c ./Core/Src/button.o
 .debug_macro   0x0000000000000c61      0x21b ./Core/Src/button.o
 .debug_macro   0x0000000000000e7c       0x2e ./Core/Src/button.o
 .debug_macro   0x0000000000000eaa       0x22 ./Core/Src/button.o
 .debug_macro   0x0000000000000ecc       0x22 ./Core/Src/button.o
 .debug_macro   0x0000000000000eee       0x8e ./Core/Src/button.o
 .debug_macro   0x0000000000000f7c       0x51 ./Core/Src/button.o
 .debug_macro   0x0000000000000fcd      0x103 ./Core/Src/button.o
 .debug_macro   0x00000000000010d0       0x6a ./Core/Src/button.o
 .debug_macro   0x000000000000113a      0x1df ./Core/Src/button.o
 .debug_macro   0x0000000000001319       0x1c ./Core/Src/button.o
 .debug_macro   0x0000000000001335       0x22 ./Core/Src/button.o
 .debug_macro   0x0000000000001357       0xc3 ./Core/Src/button.o
 .debug_macro   0x000000000000141a      0xd23 ./Core/Src/button.o
 .debug_macro   0x000000000000213d     0xe09e ./Core/Src/button.o
 .debug_macro   0x00000000000101db       0x6d ./Core/Src/button.o
 .debug_macro   0x0000000000010248     0x3468 ./Core/Src/button.o
 .debug_macro   0x00000000000136b0      0x174 ./Core/Src/button.o
 .debug_macro   0x0000000000013824       0x5c ./Core/Src/button.o
 .debug_macro   0x0000000000013880      0x5be ./Core/Src/button.o
 .debug_macro   0x0000000000013e3e      0x289 ./Core/Src/button.o
 .debug_macro   0x00000000000140c7      0x1cb ./Core/Src/button.o
 .debug_macro   0x0000000000014292      0x114 ./Core/Src/button.o
 .debug_macro   0x00000000000143a6      0x1b2 ./Core/Src/button.o
 .debug_macro   0x0000000000014558       0x27 ./Core/Src/button.o
 .debug_macro   0x000000000001457f      0x136 ./Core/Src/button.o
 .debug_macro   0x00000000000146b5      0x1bc ./Core/Src/button.o
 .debug_macro   0x0000000000014871       0x34 ./Core/Src/button.o
 .debug_macro   0x00000000000148a5       0x3c ./Core/Src/button.o
 .debug_macro   0x00000000000148e1       0x57 ./Core/Src/button.o
 .debug_macro   0x0000000000014938       0x88 ./Core/Src/button.o
 .debug_macro   0x00000000000149c0      0x241 ./Core/Src/button.o
 .debug_macro   0x0000000000014c01      0x141 ./Core/Src/button.o
 .debug_macro   0x0000000000014d42      0x8d1 ./Core/Src/button.o
 .debug_macro   0x0000000000015613      0x279 ./Core/Src/button.o
 .debug_macro   0x000000000001588c       0x83 ./Core/Src/button.o
 .debug_macro   0x000000000001590f       0x7c ./Core/Src/button.o
 .debug_macro   0x000000000001598b       0x28 ./Core/Src/button.o
 .debug_macro   0x00000000000159b3      0x341 ./Core/Src/fsm.o
 .debug_macro   0x0000000000015cf4       0x10 ./Core/Src/fsm.o
 .debug_macro   0x0000000000015d04       0x52 ./Core/Src/fsm.o
 .debug_macro   0x0000000000015d56       0x18 ./Core/Src/fsm.o
 .debug_macro   0x0000000000015d6e       0x3c ./Core/Src/fsm.o
 .debug_macro   0x0000000000015daa       0x34 ./Core/Src/fsm.o
 .debug_macro   0x0000000000015dde       0x16 ./Core/Src/fsm.o
 .debug_macro   0x0000000000015df4       0x35 ./Core/Src/fsm.o
 .debug_macro   0x0000000000015e29      0x333 ./Core/Src/fsm.o
 .debug_macro   0x000000000001615c       0x10 ./Core/Src/fsm.o
 .debug_macro   0x000000000001616c       0x16 ./Core/Src/fsm.o
 .debug_macro   0x0000000000016182       0x43 ./Core/Src/fsm.o
 .debug_macro   0x00000000000161c5       0x34 ./Core/Src/fsm.o
 .debug_macro   0x00000000000161f9       0x10 ./Core/Src/fsm.o
 .debug_macro   0x0000000000016209       0x58 ./Core/Src/fsm.o
 .debug_macro   0x0000000000016261       0x71 ./Core/Src/fsm.o
 .debug_macro   0x00000000000162d2       0x1c ./Core/Src/fsm.o
 .debug_macro   0x00000000000162ee      0x12a ./Core/Src/fsm.o
 .debug_macro   0x0000000000016418       0x10 ./Core/Src/fsm.o
 .debug_macro   0x0000000000016428       0x1c ./Core/Src/fsm.o
 .debug_macro   0x0000000000016444       0x52 ./Core/Src/fsm.o
 .debug_macro   0x0000000000016496       0x22 ./Core/Src/fsm.o
 .debug_macro   0x00000000000164b8       0x10 ./Core/Src/fsm.o
 .debug_macro   0x00000000000164c8       0x40 ./Core/Src/fsm.o
 .debug_macro   0x0000000000016508       0xd5 ./Core/Src/fsm.o
 .debug_macro   0x00000000000165dd       0x1c ./Core/Src/fsm.o
 .debug_macro   0x00000000000165f9       0x3d ./Core/Src/fsm.o
 .debug_macro   0x0000000000016636       0x16 ./Core/Src/fsm.o
 .debug_macro   0x000000000001664c      0x145 ./Core/Src/fsm.o
 .debug_macro   0x0000000000016791      0x1c1 ./Core/Src/global.o
 .debug_macro   0x0000000000016952       0x22 ./Core/Src/global.o
 .debug_macro   0x0000000000016974      0x357 ./Core/Src/main.o
 .debug_macro   0x0000000000016ccb       0x73 ./Core/Src/scheduler.o
 .debug_macro   0x0000000000016d3e      0x1b2 ./Core/Src/stm32f1xx_hal_msp.o
 .debug_macro   0x0000000000016ef0      0x1bc ./Core/Src/stm32f1xx_it.o
 .debug_macro   0x00000000000170ac       0xff ./Core/Src/sysmem.o
 .debug_macro   0x00000000000171ab      0x23b ./Core/Src/sysmem.o
 .debug_macro   0x00000000000173e6      0x1a3 ./Core/Src/system_stm32f1xx.o
 .debug_macro   0x0000000000017589      0x1de ./Core/Src/timer.o
 .debug_macro   0x0000000000017767      0x1d1 ./Core/Src/uart.o
 .debug_macro   0x0000000000017938      0x1c7 ./Drivers/STM32F1xx_HAL_Driver/Src/stm32f1xx_hal.o
 .debug_macro   0x0000000000017aff      0x1a3 ./Drivers/STM32F1xx_HAL_Driver/Src/stm32f1xx_hal_cortex.o
 .debug_macro   0x0000000000017ca2      0x1a3 ./Drivers/STM32F1xx_HAL_Driver/Src/stm32f1xx_hal_dma.o
 .debug_macro   0x0000000000017e45      0x20e ./Drivers/STM32F1xx_HAL_Driver/Src/stm32f1xx_hal_gpio.o
 .debug_macro   0x0000000000018053      0x1b5 ./Drivers/STM32F1xx_HAL_Driver/Src/stm32f1xx_hal_rcc.o
 .debug_macro   0x0000000000018208      0x1a4 ./Drivers/STM32F1xx_HAL_Driver/Src/stm32f1xx_hal_tim.o
 .debug_macro   0x00000000000183ac      0x1a3 ./Drivers/STM32F1xx_HAL_Driver/Src/stm32f1xx_hal_tim_ex.o
 .debug_macro   0x000000000001854f      0x1a4 ./Drivers/STM32F1xx_HAL_Driver/Src/stm32f1xx_hal_uart.o

.debug_line     0x0000000000000000     0xf11a
 .debug_line    0x0000000000000000      0x76d ./Core/Src/button.o
 .debug_line    0x000000000000076d      0xd1c ./Core/Src/fsm.o
 .debug_line    0x0000000000001489      0x665 ./Core/Src/global.o
 .debug_line    0x0000000000001aee      0xa5a ./Core/Src/main.o
 .debug_line    0x0000000000002548      0x4e7 ./Core/Src/scheduler.o
 .debug_line    0x0000000000002a2f      0x75a ./Core/Src/stm32f1xx_hal_msp.o
 .debug_line    0x0000000000003189      0x76f ./Core/Src/stm32f1xx_it.o
 .debug_line    0x00000000000038f8      0x4f8 ./Core/Src/sysmem.o
 .debug_line    0x0000000000003df0      0x6fb ./Core/Src/system_stm32f1xx.o
 .debug_line    0x00000000000044eb      0x729 ./Core/Src/timer.o
 .debug_line    0x0000000000004c14      0x6ae ./Core/Src/uart.o
 .debug_line    0x00000000000052c2       0x87 ./Core/Startup/startup_stm32f103rbtx.o
 .debug_line    0x0000000000005349      0x928 ./Drivers/STM32F1xx_HAL_Driver/Src/stm32f1xx_hal.o
 .debug_line    0x0000000000005c71      0xb10 ./Drivers/STM32F1xx_HAL_Driver/Src/stm32f1xx_hal_cortex.o
 .debug_line    0x0000000000006781      0xd80 ./Drivers/STM32F1xx_HAL_Driver/Src/stm32f1xx_hal_dma.o
 .debug_line    0x0000000000007501      0x9bf ./Drivers/STM32F1xx_HAL_Driver/Src/stm32f1xx_hal_gpio.o
 .debug_line    0x0000000000007ec0      0xd36 ./Drivers/STM32F1xx_HAL_Driver/Src/stm32f1xx_hal_rcc.o
 .debug_line    0x0000000000008bf6     0x32d1 ./Drivers/STM32F1xx_HAL_Driver/Src/stm32f1xx_hal_tim.o
 .debug_line    0x000000000000bec7     0x1850 ./Drivers/STM32F1xx_HAL_Driver/Src/stm32f1xx_hal_tim_ex.o
 .debug_line    0x000000000000d717     0x1a03 ./Drivers/STM32F1xx_HAL_Driver/Src/stm32f1xx_hal_uart.o

.debug_str      0x0000000000000000    0x8af6f
 .debug_str     0x0000000000000000    0x83998 ./Core/Src/button.o
                                      0x83d9d (size before relaxing)
 .debug_str     0x0000000000083998     0x41fc ./Core/Src/fsm.o
                                      0x87f9e (size before relaxing)
 .debug_str     0x0000000000087b94       0x15 ./Core/Src/global.o
                                      0x83d12 (size before relaxing)
 .debug_str     0x0000000000087ba9      0x34e ./Core/Src/main.o
                                      0x88160 (size before relaxing)
 .debug_str     0x0000000000087ef7       0x6c ./Core/Src/scheduler.o
                                       0x3d37 (size before relaxing)
 .debug_str     0x0000000000087f63      0x337 ./Core/Src/stm32f1xx_hal_msp.o
                                      0x8402c (size before relaxing)
 .debug_str     0x000000000008829a       0xdf ./Core/Src/stm32f1xx_it.o
                                      0x83ce7 (size before relaxing)
 .debug_str     0x0000000000088379      0x4e9 ./Core/Src/sysmem.o
                                       0x627f (size before relaxing)
 .debug_str     0x0000000000088862       0x52 ./Core/Src/system_stm32f1xx.o
                                      0x83477 (size before relaxing)
 .debug_str     0x00000000000888b4       0x59 ./Core/Src/timer.o
                                      0x83d9b (size before relaxing)
 .debug_str     0x000000000008890d       0x64 ./Core/Src/uart.o
                                      0x83d6e (size before relaxing)
 .debug_str     0x0000000000088971       0x36 ./Core/Startup/startup_stm32f103rbtx.o
                                         0x93 (size before relaxing)
 .debug_str     0x00000000000889a7      0x304 ./Drivers/STM32F1xx_HAL_Driver/Src/stm32f1xx_hal.o
                                      0x83b08 (size before relaxing)
 .debug_str     0x0000000000088cab      0x300 ./Drivers/STM32F1xx_HAL_Driver/Src/stm32f1xx_hal_cortex.o
                                      0x83b10 (size before relaxing)
 .debug_str     0x0000000000088fab      0x230 ./Drivers/STM32F1xx_HAL_Driver/Src/stm32f1xx_hal_dma.o
                                      0x83852 (size before relaxing)
 .debug_str     0x00000000000891db      0x31f ./Drivers/STM32F1xx_HAL_Driver/Src/stm32f1xx_hal_gpio.o
                                      0x8383b (size before relaxing)
 .debug_str     0x00000000000894fa      0x24a ./Drivers/STM32F1xx_HAL_Driver/Src/stm32f1xx_hal_rcc.o
                                      0x83874 (size before relaxing)
 .debug_str     0x0000000000089744      0xd68 ./Drivers/STM32F1xx_HAL_Driver/Src/stm32f1xx_hal_tim.o
                                      0x84846 (size before relaxing)
 .debug_str     0x000000000008a4ac      0x4ee ./Drivers/STM32F1xx_HAL_Driver/Src/stm32f1xx_hal_tim_ex.o
                                      0x83ff7 (size before relaxing)
 .debug_str     0x000000000008a99a      0x5d5 ./Drivers/STM32F1xx_HAL_Driver/Src/stm32f1xx_hal_uart.o
                                      0x83e66 (size before relaxing)

.comment        0x0000000000000000       0x53
 .comment       0x0000000000000000       0x53 ./Core/Src/button.o
                                         0x54 (size before relaxing)
 .comment       0x0000000000000053       0x54 ./Core/Src/fsm.o
 .comment       0x0000000000000053       0x54 ./Core/Src/global.o
 .comment       0x0000000000000053       0x54 ./Core/Src/main.o
 .comment       0x0000000000000053       0x54 ./Core/Src/scheduler.o
 .comment       0x0000000000000053       0x54 ./Core/Src/stm32f1xx_hal_msp.o
 .comment       0x0000000000000053       0x54 ./Core/Src/stm32f1xx_it.o
 .comment       0x0000000000000053       0x54 ./Core/Src/sysmem.o
 .comment       0x0000000000000053       0x54 ./Core/Src/system_stm32f1xx.o
 .comment       0x0000000000000053       0x54 ./Core/Src/timer.o
 .comment       0x0000000000000053       0x54 ./Core/Src/uart.o
 .comment       0x0000000000000053       0x54 ./Drivers/STM32F1xx_HAL_Driver/Src/stm32f1xx_hal.o
 .comment       0x0000000000000053       0x54 ./Drivers/STM32F1xx_HAL_Driver/Src/stm32f1xx_hal_cortex.o
 .comment       0x0000000000000053       0x54 ./Drivers/STM32F1xx_HAL_Driver/Src/stm32f1xx_hal_dma.o
 .comment       0x0000000000000053       0x54 ./Drivers/STM32F1xx_HAL_Driver/Src/stm32f1xx_hal_gpio.o
 .comment       0x0000000000000053       0x54 ./Drivers/STM32F1xx_HAL_Driver/Src/stm32f1xx_hal_rcc.o
 .comment       0x0000000000000053       0x54 ./Drivers/STM32F1xx_HAL_Driver/Src/stm32f1xx_hal_tim.o
 .comment       0x0000000000000053       0x54 ./Drivers/STM32F1xx_HAL_Driver/Src/stm32f1xx_hal_tim_ex.o
 .comment       0x0000000000000053       0x54 ./Drivers/STM32F1xx_HAL_Driver/Src/stm32f1xx_hal_uart.o

.debug_frame    0x0000000000000000     0x3a24
 .debug_frame   0x0000000000000000       0xd4 ./Core/Src/button.o
 .debug_frame   0x00000000000000d4      0x1c0 ./Core/Src/fsm.o
 .debug_frame   0x0000000000000294       0xf0 ./Core/Src/main.o
 .debug_frame   0x0000000000000384       0xd4 ./Core/Src/scheduler.o
 .debug_frame   0x0000000000000458       0xec ./Core/Src/stm32f1xx_hal_msp.o
 .debug_frame   0x0000000000000544      0x13c ./Core/Src/stm32f1xx_it.o
 .debug_frame   0x0000000000000680       0x34 ./Core/Src/sysmem.o
 .debug_frame   0x00000000000006b4       0x58 ./Core/Src/system_stm32f1xx.o
 .debug_frame   0x000000000000070c       0xa8 ./Core/Src/timer.o
 .debug_frame   0x00000000000007b4       0x34 ./Core/Src/uart.o
 .debug_frame   0x00000000000007e8      0x334 ./Drivers/STM32F1xx_HAL_Driver/Src/stm32f1xx_hal.o
 .debug_frame   0x0000000000000b1c      0x428 ./Drivers/STM32F1xx_HAL_Driver/Src/stm32f1xx_hal_cortex.o
 .debug_frame   0x0000000000000f44      0x208 ./Drivers/STM32F1xx_HAL_Driver/Src/stm32f1xx_hal_dma.o
 .debug_frame   0x000000000000114c      0x14c ./Drivers/STM32F1xx_HAL_Driver/Src/stm32f1xx_hal_gpio.o
 .debug_frame   0x0000000000001298      0x21c ./Drivers/STM32F1xx_HAL_Driver/Src/stm32f1xx_hal_rcc.o
 .debug_frame   0x00000000000014b4     0x11b8 ./Drivers/STM32F1xx_HAL_Driver/Src/stm32f1xx_hal_tim.o
 .debug_frame   0x000000000000266c      0x638 ./Drivers/STM32F1xx_HAL_Driver/Src/stm32f1xx_hal_tim_ex.o
 .debug_frame   0x0000000000002ca4      0x914 ./Drivers/STM32F1xx_HAL_Driver/Src/stm32f1xx_hal_uart.o
 .debug_frame   0x00000000000035b8       0x20 c:/st/stm32cubeide_1.7.0/stm32cubeide/plugins/com.st.stm32cube.ide.mcu.externaltools.gnu-tools-for-stm32.9-2020-q2-update.win32_2.0.0.202105311346/tools/bin/../lib/gcc/arm-none-eabi/9.3.1/../../../../arm-none-eabi/lib/thumb/v7-m/nofp\libc_nano.a(lib_a-errno.o)
 .debug_frame   0x00000000000035d8       0x2c c:/st/stm32cubeide_1.7.0/stm32cubeide/plugins/com.st.stm32cube.ide.mcu.externaltools.gnu-tools-for-stm32.9-2020-q2-update.win32_2.0.0.202105311346/tools/bin/../lib/gcc/arm-none-eabi/9.3.1/../../../../arm-none-eabi/lib/thumb/v7-m/nofp\libc_nano.a(lib_a-init.o)
 .debug_frame   0x0000000000003604       0x20 c:/st/stm32cubeide_1.7.0/stm32cubeide/plugins/com.st.stm32cube.ide.mcu.externaltools.gnu-tools-for-stm32.9-2020-q2-update.win32_2.0.0.202105311346/tools/bin/../lib/gcc/arm-none-eabi/9.3.1/../../../../arm-none-eabi/lib/thumb/v7-m/nofp\libc_nano.a(lib_a-memset.o)
 .debug_frame   0x0000000000003624       0x6c c:/st/stm32cubeide_1.7.0/stm32cubeide/plugins/com.st.stm32cube.ide.mcu.externaltools.gnu-tools-for-stm32.9-2020-q2-update.win32_2.0.0.202105311346/tools/bin/../lib/gcc/arm-none-eabi/9.3.1/../../../../arm-none-eabi/lib/thumb/v7-m/nofp\libc_nano.a(lib_a-sprintf.o)
 .debug_frame   0x0000000000003690       0x90 c:/st/stm32cubeide_1.7.0/stm32cubeide/plugins/com.st.stm32cube.ide.mcu.externaltools.gnu-tools-for-stm32.9-2020-q2-update.win32_2.0.0.202105311346/tools/bin/../lib/gcc/arm-none-eabi/9.3.1/../../../../arm-none-eabi/lib/thumb/v7-m/nofp\libc_nano.a(lib_a-nano-svfprintf.o)
 .debug_frame   0x0000000000003720       0x60 c:/st/stm32cubeide_1.7.0/stm32cubeide/plugins/com.st.stm32cube.ide.mcu.externaltools.gnu-tools-for-stm32.9-2020-q2-update.win32_2.0.0.202105311346/tools/bin/../lib/gcc/arm-none-eabi/9.3.1/../../../../arm-none-eabi/lib/thumb/v7-m/nofp\libc_nano.a(lib_a-nano-vfprintf_i.o)
 .debug_frame   0x0000000000003780       0x28 c:/st/stm32cubeide_1.7.0/stm32cubeide/plugins/com.st.stm32cube.ide.mcu.externaltools.gnu-tools-for-stm32.9-2020-q2-update.win32_2.0.0.202105311346/tools/bin/../lib/gcc/arm-none-eabi/9.3.1/../../../../arm-none-eabi/lib/thumb/v7-m/nofp\libc_nano.a(lib_a-memchr-stub.o)
 .debug_frame   0x00000000000037a8       0x28 c:/st/stm32cubeide_1.7.0/stm32cubeide/plugins/com.st.stm32cube.ide.mcu.externaltools.gnu-tools-for-stm32.9-2020-q2-update.win32_2.0.0.202105311346/tools/bin/../lib/gcc/arm-none-eabi/9.3.1/../../../../arm-none-eabi/lib/thumb/v7-m/nofp\libc_nano.a(lib_a-memcpy-stub.o)
 .debug_frame   0x00000000000037d0       0x28 c:/st/stm32cubeide_1.7.0/stm32cubeide/plugins/com.st.stm32cube.ide.mcu.externaltools.gnu-tools-for-stm32.9-2020-q2-update.win32_2.0.0.202105311346/tools/bin/../lib/gcc/arm-none-eabi/9.3.1/../../../../arm-none-eabi/lib/thumb/v7-m/nofp\libc_nano.a(lib_a-memmove.o)
 .debug_frame   0x00000000000037f8       0x38 c:/st/stm32cubeide_1.7.0/stm32cubeide/plugins/com.st.stm32cube.ide.mcu.externaltools.gnu-tools-for-stm32.9-2020-q2-update.win32_2.0.0.202105311346/tools/bin/../lib/gcc/arm-none-eabi/9.3.1/../../../../arm-none-eabi/lib/thumb/v7-m/nofp\libc_nano.a(lib_a-nano-freer.o)
 .debug_frame   0x0000000000003830       0x30 c:/st/stm32cubeide_1.7.0/stm32cubeide/plugins/com.st.stm32cube.ide.mcu.externaltools.gnu-tools-for-stm32.9-2020-q2-update.win32_2.0.0.202105311346/tools/bin/../lib/gcc/arm-none-eabi/9.3.1/../../../../arm-none-eabi/lib/thumb/v7-m/nofp\libc_nano.a(lib_a-nano-mallocr.o)
 .debug_frame   0x0000000000003860       0x3c c:/st/stm32cubeide_1.7.0/stm32cubeide/plugins/com.st.stm32cube.ide.mcu.externaltools.gnu-tools-for-stm32.9-2020-q2-update.win32_2.0.0.202105311346/tools/bin/../lib/gcc/arm-none-eabi/9.3.1/../../../../arm-none-eabi/lib/thumb/v7-m/nofp\libc_nano.a(lib_a-nano-reallocr.o)
 .debug_frame   0x000000000000389c       0x2c c:/st/stm32cubeide_1.7.0/stm32cubeide/plugins/com.st.stm32cube.ide.mcu.externaltools.gnu-tools-for-stm32.9-2020-q2-update.win32_2.0.0.202105311346/tools/bin/../lib/gcc/arm-none-eabi/9.3.1/../../../../arm-none-eabi/lib/thumb/v7-m/nofp\libc_nano.a(lib_a-sbrkr.o)
 .debug_frame   0x00000000000038c8       0x30 c:/st/stm32cubeide_1.7.0/stm32cubeide/plugins/com.st.stm32cube.ide.mcu.externaltools.gnu-tools-for-stm32.9-2020-q2-update.win32_2.0.0.202105311346/tools/bin/../lib/gcc/arm-none-eabi/9.3.1/../../../../arm-none-eabi/lib/thumb/v7-m/nofp\libc_nano.a(lib_a-mlock.o)
 .debug_frame   0x00000000000038f8       0x20 c:/st/stm32cubeide_1.7.0/stm32cubeide/plugins/com.st.stm32cube.ide.mcu.externaltools.gnu-tools-for-stm32.9-2020-q2-update.win32_2.0.0.202105311346/tools/bin/../lib/gcc/arm-none-eabi/9.3.1/../../../../arm-none-eabi/lib/thumb/v7-m/nofp\libc_nano.a(lib_a-nano-msizer.o)
 .debug_frame   0x0000000000003918       0x5c c:/st/stm32cubeide_1.7.0/stm32cubeide/plugins/com.st.stm32cube.ide.mcu.externaltools.gnu-tools-for-stm32.9-2020-q2-update.win32_2.0.0.202105311346/tools/bin/../lib/gcc/arm-none-eabi/9.3.1/../../../../arm-none-eabi/lib/thumb/v7-m/nofp\libc_nano.a(lib_a-reent.o)
 .debug_frame   0x0000000000003974       0xb0 c:/st/stm32cubeide_1.7.0/stm32cubeide/plugins/com.st.stm32cube.ide.mcu.externaltools.gnu-tools-for-stm32.9-2020-q2-update.win32_2.0.0.202105311346/tools/bin/../lib/gcc/arm-none-eabi/9.3.1/../../../../arm-none-eabi/lib/thumb/v7-m/nofp\libc_nano.a(lib_a-lock.o)
